<?xml version="1.0" encoding="ISO-8859-1" ?>
<link_info>
   <banner>TI ARM Linker PC v20.2.1.LTS</banner>
   <copyright>Copyright (c) 1996-2018 Texas Instruments Incorporated</copyright>
   <link_time>0x608421a8</link_time>
   <link_errors>0x0</link_errors>
   <output_file>OLED_MSP_EXP432E401Y.out</output_file>
   <entry_point>
      <name>_c_int00_noargs</name>
      <address>0x2335</address>
   </entry_point>
   <input_file_list>
      <input_file id="fl-2">
         <path>.\</path>
         <kind>object</kind>
         <file>main.obj</file>
         <name>main.obj</name>
      </input_file>
      <input_file id="fl-3">
         <path>.\</path>
         <kind>object</kind>
         <file>oled.obj</file>
         <name>oled.obj</name>
      </input_file>
      <input_file id="fl-4">
         <path>.\</path>
         <kind>object</kind>
         <file>system_msp432e401y.obj</file>
         <name>system_msp432e401y.obj</name>
      </input_file>
      <input_file id="fl-5">
         <path>.\ccs\</path>
         <kind>object</kind>
         <file>startup_msp432e401y_ccs.obj</file>
         <name>startup_msp432e401y_ccs.obj</name>
      </input_file>
      <input_file id="fl-f">
         <kind>object</kind>
         <file>&lt;internal&gt;</file>
         <name>&lt;internal&gt;</name>
      </input_file>
      <input_file id="fl-10">
         <path>C:\ti\simplelink_msp432e4_sdk_4_20_00_12\source\ti\devices\msp432e4\driverlib\lib\ccs\m4f\</path>
         <kind>archive</kind>
         <file>msp432e4_driverlib.a</file>
         <name>sysctl.o</name>
      </input_file>
      <input_file id="fl-11">
         <path>C:\ti\simplelink_msp432e4_sdk_4_20_00_12\source\ti\devices\msp432e4\driverlib\lib\ccs\m4f\</path>
         <kind>archive</kind>
         <file>msp432e4_driverlib.a</file>
         <name>cpu.o</name>
      </input_file>
      <input_file id="fl-12">
         <path>C:\ti\simplelink_msp432e4_sdk_4_20_00_12\source\ti\devices\msp432e4\driverlib\lib\ccs\m4f\</path>
         <kind>archive</kind>
         <file>msp432e4_driverlib.a</file>
         <name>interrupt.o</name>
      </input_file>
      <input_file id="fl-c8">
         <path>D:\CCS\ccs\tools\compiler\ti-cgt-arm_20.2.1.LTS\lib\</path>
         <kind>archive</kind>
         <file>rtsv7M4_T_le_v4SPD16_eabi.lib</file>
         <name>copy_zero_init.c.obj</name>
      </input_file>
      <input_file id="fl-c9">
         <path>D:\CCS\ccs\tools\compiler\ti-cgt-arm_20.2.1.LTS\lib\</path>
         <kind>archive</kind>
         <file>rtsv7M4_T_le_v4SPD16_eabi.lib</file>
         <name>copy_decompress_none.c.obj</name>
      </input_file>
      <input_file id="fl-ca">
         <path>D:\CCS\ccs\tools\compiler\ti-cgt-arm_20.2.1.LTS\lib\</path>
         <kind>archive</kind>
         <file>rtsv7M4_T_le_v4SPD16_eabi.lib</file>
         <name>copy_decompress_lzss.c.obj</name>
      </input_file>
      <input_file id="fl-cb">
         <path>D:\CCS\ccs\tools\compiler\ti-cgt-arm_20.2.1.LTS\lib\</path>
         <kind>archive</kind>
         <file>rtsv7M4_T_le_v4SPD16_eabi.lib</file>
         <name>boot_cortex_m.c.obj</name>
      </input_file>
      <input_file id="fl-cc">
         <path>D:\CCS\ccs\tools\compiler\ti-cgt-arm_20.2.1.LTS\lib\</path>
         <kind>archive</kind>
         <file>rtsv7M4_T_le_v4SPD16_eabi.lib</file>
         <name>memset_t2.asm.obj</name>
      </input_file>
      <input_file id="fl-cd">
         <path>D:\CCS\ccs\tools\compiler\ti-cgt-arm_20.2.1.LTS\lib\</path>
         <kind>archive</kind>
         <file>rtsv7M4_T_le_v4SPD16_eabi.lib</file>
         <name>memcpy_t2.asm.obj</name>
      </input_file>
      <input_file id="fl-ce">
         <path>D:\CCS\ccs\tools\compiler\ti-cgt-arm_20.2.1.LTS\lib\</path>
         <kind>archive</kind>
         <file>rtsv7M4_T_le_v4SPD16_eabi.lib</file>
         <name>autoinit.c.obj</name>
      </input_file>
      <input_file id="fl-cf">
         <path>D:\CCS\ccs\tools\compiler\ti-cgt-arm_20.2.1.LTS\lib\</path>
         <kind>archive</kind>
         <file>rtsv7M4_T_le_v4SPD16_eabi.lib</file>
         <name>pre_init.c.obj</name>
      </input_file>
      <input_file id="fl-d0">
         <path>D:\CCS\ccs\tools\compiler\ti-cgt-arm_20.2.1.LTS\lib\</path>
         <kind>archive</kind>
         <file>rtsv7M4_T_le_v4SPD16_eabi.lib</file>
         <name>cpy_tbl.c.obj</name>
      </input_file>
      <input_file id="fl-d1">
         <path>D:\CCS\ccs\tools\compiler\ti-cgt-arm_20.2.1.LTS\lib\</path>
         <kind>archive</kind>
         <file>rtsv7M4_T_le_v4SPD16_eabi.lib</file>
         <name>exit.c.obj</name>
      </input_file>
      <input_file id="fl-d2">
         <path>D:\CCS\ccs\tools\compiler\ti-cgt-arm_20.2.1.LTS\lib\</path>
         <kind>archive</kind>
         <file>rtsv7M4_T_le_v4SPD16_eabi.lib</file>
         <name>_lock.c.obj</name>
      </input_file>
      <input_file id="fl-d3">
         <path>D:\CCS\ccs\tools\compiler\ti-cgt-arm_20.2.1.LTS\lib\</path>
         <kind>archive</kind>
         <file>rtsv7M4_T_le_v4SPD16_eabi.lib</file>
         <name>args_main.c.obj</name>
      </input_file>
   </input_file_list>
   <object_component_list>
      <object_component id="oc-13">
         <name>.intvecs:retain</name>
         <load_address>0x0</load_address>
         <run_address>0x0</run_address>
         <size>0x208</size>
         <input_file_ref idref="fl-5"/>
      </object_component>
      <object_component id="oc-ee">
         <name>.text:SysCtlClockFreqSet</name>
         <load_address>0x1388</load_address>
         <run_address>0x1388</run_address>
         <size>0x2e0</size>
         <input_file_ref idref="fl-10"/>
      </object_component>
      <object_component id="oc-ba">
         <name>.text:main</name>
         <load_address>0x1668</load_address>
         <run_address>0x1668</run_address>
         <size>0x280</size>
         <input_file_ref idref="fl-2"/>
      </object_component>
      <object_component id="oc-f4">
         <name>.text:GPIOInit</name>
         <load_address>0x18e8</load_address>
         <run_address>0x18e8</run_address>
         <size>0x200</size>
         <input_file_ref idref="fl-2"/>
      </object_component>
      <object_component id="oc-fa">
         <name>.text:OLED_Init</name>
         <load_address>0x1ae8</load_address>
         <run_address>0x1ae8</run_address>
         <size>0x13c</size>
         <input_file_ref idref="fl-3"/>
      </object_component>
      <object_component id="oc-198">
         <name>.text:OLED_WR_Byte</name>
         <load_address>0x1c24</load_address>
         <run_address>0x1c24</run_address>
         <size>0xe4</size>
         <input_file_ref idref="fl-3"/>
      </object_component>
      <object_component id="oc-1a6">
         <name>.text:OLED_ShowChar</name>
         <load_address>0x1d08</load_address>
         <run_address>0x1d08</run_address>
         <size>0xd0</size>
         <input_file_ref idref="fl-3"/>
      </object_component>
      <object_component id="oc-10c">
         <name>.text:OLED_ShowCHinese</name>
         <load_address>0x1dd8</load_address>
         <run_address>0x1dd8</run_address>
         <size>0xbc</size>
         <input_file_ref idref="fl-3"/>
      </object_component>
      <object_component id="oc-112">
         <name>.text:OLED_DrawBMP</name>
         <load_address>0x1e94</load_address>
         <run_address>0x1e94</run_address>
         <size>0xac</size>
         <input_file_ref idref="fl-3"/>
      </object_component>
      <object_component id="oc-4e">
         <name>.text</name>
         <load_address>0x1f40</load_address>
         <run_address>0x1f40</run_address>
         <size>0x9c</size>
         <input_file_ref idref="fl-cd"/>
      </object_component>
      <object_component id="oc-176">
         <name>.text:_SysCtlFrequencyGet</name>
         <load_address>0x1fdc</load_address>
         <run_address>0x1fdc</run_address>
         <size>0x90</size>
         <input_file_ref idref="fl-10"/>
      </object_component>
      <object_component id="oc-100">
         <name>.text:OLED_Clear</name>
         <load_address>0x206c</load_address>
         <run_address>0x206c</run_address>
         <size>0x6a</size>
         <input_file_ref idref="fl-3"/>
      </object_component>
      <object_component id="oc-16">
         <name>.text:decompress:lzss:__TI_decompress_lzss</name>
         <load_address>0x20d6</load_address>
         <run_address>0x20d6</run_address>
         <size>0x68</size>
         <input_file_ref idref="fl-ca"/>
      </object_component>
      <object_component id="oc-106">
         <name>.text:OLED_ShowString</name>
         <load_address>0x213e</load_address>
         <run_address>0x213e</run_address>
         <size>0x62</size>
         <input_file_ref idref="fl-3"/>
      </object_component>
      <object_component id="oc-3a">
         <name>.text:GPIOJ_IRQHandler</name>
         <load_address>0x21a0</load_address>
         <run_address>0x21a0</run_address>
         <size>0x4c</size>
         <input_file_ref idref="fl-2"/>
      </object_component>
      <object_component id="oc-18b">
         <name>.text:SysCtlPeripheralReady</name>
         <load_address>0x21ec</load_address>
         <run_address>0x21ec</run_address>
         <size>0x44</size>
         <input_file_ref idref="fl-10"/>
      </object_component>
      <object_component id="oc-170">
         <name>.text:_SysCtlMemTimingGet</name>
         <load_address>0x2230</load_address>
         <run_address>0x2230</run_address>
         <size>0x44</size>
         <input_file_ref idref="fl-10"/>
      </object_component>
      <object_component id="oc-12b">
         <name>.text:__TI_auto_init_nobinit_nopinit:__TI_auto_init_nobinit_nopinit</name>
         <load_address>0x2274</load_address>
         <run_address>0x2274</run_address>
         <size>0x44</size>
         <input_file_ref idref="fl-ce"/>
      </object_component>
      <object_component id="oc-19e">
         <name>.text:OLED_Set_Pos</name>
         <load_address>0x22b8</load_address>
         <run_address>0x22b8</run_address>
         <size>0x40</size>
         <input_file_ref idref="fl-3"/>
      </object_component>
      <object_component id="oc-34">
         <name>.text:SysTick_Handler</name>
         <load_address>0x22f8</load_address>
         <run_address>0x22f8</run_address>
         <size>0x3c</size>
         <input_file_ref idref="fl-2"/>
      </object_component>
      <object_component id="oc-6c">
         <name>.text:_c_int00_noargs:_c_int00_noargs</name>
         <load_address>0x2334</load_address>
         <run_address>0x2334</run_address>
         <size>0x34</size>
         <input_file_ref idref="fl-cb"/>
      </object_component>
      <object_component id="oc-192">
         <name>.text:delay_ms</name>
         <load_address>0x2368</load_address>
         <run_address>0x2368</run_address>
         <size>0x32</size>
         <input_file_ref idref="fl-3"/>
      </object_component>
      <object_component id="oc-2e">
         <name>.text:Default_Handler</name>
         <load_address>0x239a</load_address>
         <run_address>0x239a</run_address>
         <size>0x2</size>
         <input_file_ref idref="fl-5"/>
      </object_component>
      <object_component id="oc-80">
         <name>.text:SystemInit</name>
         <load_address>0x239c</load_address>
         <run_address>0x239c</run_address>
         <size>0x20</size>
         <input_file_ref idref="fl-4"/>
      </object_component>
      <object_component id="oc-1c">
         <name>.text:decompress:none:__TI_decompress_none</name>
         <load_address>0x23bc</load_address>
         <run_address>0x23bc</run_address>
         <size>0xe</size>
         <input_file_ref idref="fl-c9"/>
      </object_component>
      <object_component id="oc-28">
         <name>.text:Reset_Handler</name>
         <load_address>0x23ca</load_address>
         <run_address>0x23ca</run_address>
         <size>0xc</size>
         <input_file_ref idref="fl-5"/>
      </object_component>
      <object_component id="oc-b4">
         <name>.text:_system_pre_init</name>
         <load_address>0x23d6</load_address>
         <run_address>0x23d6</run_address>
         <size>0x4</size>
         <input_file_ref idref="fl-cf"/>
      </object_component>
      <object_component id="oc-11f">
         <name>.text:abort:abort</name>
         <load_address>0x23da</load_address>
         <run_address>0x23da</run_address>
         <size>0x4</size>
         <input_file_ref idref="fl-d1"/>
      </object_component>
      <object_component id="oc-1ae">
         <name>.const:Hzk</name>
         <load_address>0x208</load_address>
         <run_address>0x208</run_address>
         <size>0x980</size>
         <input_file_ref idref="fl-3"/>
      </object_component>
      <object_component id="oc-1f1">
         <name>.const:.string:F8X16</name>
         <load_address>0xb88</load_address>
         <run_address>0xb88</run_address>
         <size>0x5f0</size>
         <input_file_ref idref="fl-3"/>
      </object_component>
      <object_component id="oc-182">
         <name>.const:g_pppui32XTALtoVCO</name>
         <load_address>0x1178</load_address>
         <run_address>0x1178</run_address>
         <size>0x1b0</size>
         <input_file_ref idref="fl-10"/>
      </object_component>
      <object_component id="oc-1d7">
         <name>.const:g_sXTALtoMEMTIM</name>
         <load_address>0x1328</load_address>
         <run_address>0x1328</run_address>
         <size>0x30</size>
         <input_file_ref idref="fl-10"/>
      </object_component>
      <object_component id="oc-17c">
         <name>.const:g_pui32Xtals</name>
         <load_address>0x1358</load_address>
         <run_address>0x1358</run_address>
         <size>0x28</size>
         <input_file_ref idref="fl-10"/>
      </object_component>
      <object_component id="oc-17f">
         <name>.const:g_pui32VCOFrequencies</name>
         <load_address>0x1380</load_address>
         <run_address>0x1380</run_address>
         <size>0x8</size>
         <input_file_ref idref="fl-10"/>
      </object_component>
      <object_component id="oc-264">
         <name>.cinit..data.load</name>
         <load_address>0x23e0</load_address>
         <run_address>0x23e0</run_address>
         <size>0x2ee</size>
      </object_component>
      <object_component id="oc-262">
         <name>__TI_handler_table</name>
         <load_address>0x26d0</load_address>
         <run_address>0x26d0</run_address>
         <size>0x8</size>
      </object_component>
      <object_component id="oc-263">
         <name>__TI_cinit_table</name>
         <load_address>0x26d8</load_address>
         <run_address>0x26d8</run_address>
         <size>0x8</size>
      </object_component>
      <object_component id="oc-118">
         <name>.data:BMP1</name>
         <load_address>0x20000000</load_address>
         <run_address>0x20000000</run_address>
         <size>0x400</size>
         <input_file_ref idref="fl-2"/>
      </object_component>
      <object_component id="oc-11b">
         <name>.data:BMP4</name>
         <load_address>0x20000400</load_address>
         <run_address>0x20000400</run_address>
         <size>0x400</size>
         <input_file_ref idref="fl-2"/>
      </object_component>
      <object_component id="oc-88">
         <name>.data</name>
         <load_address>0x20000800</load_address>
         <run_address>0x20000800</run_address>
         <size>0x5</size>
         <input_file_ref idref="fl-2"/>
      </object_component>
      <object_component id="oc-cc">
         <name>.data</name>
         <load_address>0x20000808</load_address>
         <run_address>0x20000808</run_address>
         <size>0x4</size>
         <input_file_ref idref="fl-4"/>
      </object_component>
      <object_component id="oc-25">
         <name>.stack</name>
         <uninitialized>true</uninitialized>
         <run_address>0x20000810</run_address>
         <size>0x4</size>
         <input_file_ref idref="fl-cb"/>
      </object_component>
      <object_component id="oc-266">
         <name>.stack</name>
         <uninitialized>true</uninitialized>
         <run_address>0x20000810</run_address>
         <size>0x0</size>
      </object_component>
      <object_component id="oc-d2">
         <name>.debug_info</name>
         <load_address>0x0</load_address>
         <run_address>0x0</run_address>
         <size>0x958</size>
         <input_file_ref idref="fl-2"/>
      </object_component>
      <object_component id="oc-119">
         <name>.debug_info</name>
         <load_address>0x958</load_address>
         <run_address>0x958</run_address>
         <size>0xcd</size>
         <input_file_ref idref="fl-2"/>
      </object_component>
      <object_component id="oc-11c">
         <name>.debug_info</name>
         <load_address>0xa25</load_address>
         <run_address>0xa25</run_address>
         <size>0xcd</size>
         <input_file_ref idref="fl-2"/>
      </object_component>
      <object_component id="oc-89">
         <name>.debug_info</name>
         <load_address>0xaf2</load_address>
         <run_address>0xaf2</run_address>
         <size>0xee</size>
         <input_file_ref idref="fl-2"/>
      </object_component>
      <object_component id="oc-bb">
         <name>.debug_info</name>
         <load_address>0xbe0</load_address>
         <run_address>0xbe0</run_address>
         <size>0x4e4</size>
         <input_file_ref idref="fl-2"/>
      </object_component>
      <object_component id="oc-f5">
         <name>.debug_info</name>
         <load_address>0x10c4</load_address>
         <run_address>0x10c4</run_address>
         <size>0x295</size>
         <input_file_ref idref="fl-2"/>
      </object_component>
      <object_component id="oc-35">
         <name>.debug_info</name>
         <load_address>0x1359</load_address>
         <run_address>0x1359</run_address>
         <size>0x114</size>
         <input_file_ref idref="fl-2"/>
      </object_component>
      <object_component id="oc-3b">
         <name>.debug_info</name>
         <load_address>0x146d</load_address>
         <run_address>0x146d</run_address>
         <size>0x146</size>
         <input_file_ref idref="fl-2"/>
      </object_component>
      <object_component id="oc-94">
         <name>.debug_info</name>
         <load_address>0x15b3</load_address>
         <run_address>0x15b3</run_address>
         <size>0x26b</size>
         <input_file_ref idref="fl-2"/>
      </object_component>
      <object_component id="oc-161">
         <name>.debug_info</name>
         <load_address>0x181e</load_address>
         <run_address>0x181e</run_address>
         <size>0x1028</size>
         <input_file_ref idref="fl-2"/>
      </object_component>
      <object_component id="oc-16b">
         <name>.debug_info</name>
         <load_address>0x2846</load_address>
         <run_address>0x2846</run_address>
         <size>0x186</size>
         <input_file_ref idref="fl-2"/>
      </object_component>
      <object_component id="oc-d9">
         <name>.debug_info</name>
         <load_address>0x29cc</load_address>
         <run_address>0x29cc</run_address>
         <size>0x8b</size>
         <input_file_ref idref="fl-2"/>
      </object_component>
      <object_component id="oc-d4">
         <name>.debug_info</name>
         <load_address>0x2a57</load_address>
         <run_address>0x2a57</run_address>
         <size>0x2a4</size>
         <input_file_ref idref="fl-2"/>
      </object_component>
      <object_component id="oc-8d">
         <name>.debug_info</name>
         <load_address>0x2cfb</load_address>
         <run_address>0x2cfb</run_address>
         <size>0xbb</size>
         <input_file_ref idref="fl-2"/>
      </object_component>
      <object_component id="oc-166">
         <name>.debug_info</name>
         <load_address>0x2db6</load_address>
         <run_address>0x2db6</run_address>
         <size>0x35</size>
         <input_file_ref idref="fl-2"/>
      </object_component>
      <object_component id="oc-1ad">
         <name>.debug_info</name>
         <load_address>0x2deb</load_address>
         <run_address>0x2deb</run_address>
         <size>0x805</size>
         <input_file_ref idref="fl-3"/>
      </object_component>
      <object_component id="oc-1f2">
         <name>.debug_info</name>
         <load_address>0x35f0</load_address>
         <run_address>0x35f0</run_address>
         <size>0xcf</size>
         <input_file_ref idref="fl-3"/>
      </object_component>
      <object_component id="oc-1af">
         <name>.debug_info</name>
         <load_address>0x36bf</load_address>
         <run_address>0x36bf</run_address>
         <size>0xcb</size>
         <input_file_ref idref="fl-3"/>
      </object_component>
      <object_component id="oc-193">
         <name>.debug_info</name>
         <load_address>0x378a</load_address>
         <run_address>0x378a</run_address>
         <size>0x126</size>
         <input_file_ref idref="fl-3"/>
      </object_component>
      <object_component id="oc-199">
         <name>.debug_info</name>
         <load_address>0x38b0</load_address>
         <run_address>0x38b0</run_address>
         <size>0x190</size>
         <input_file_ref idref="fl-3"/>
      </object_component>
      <object_component id="oc-19f">
         <name>.debug_info</name>
         <load_address>0x3a40</load_address>
         <run_address>0x3a40</run_address>
         <size>0x16e</size>
         <input_file_ref idref="fl-3"/>
      </object_component>
      <object_component id="oc-101">
         <name>.debug_info</name>
         <load_address>0x3bae</load_address>
         <run_address>0x3bae</run_address>
         <size>0x167</size>
         <input_file_ref idref="fl-3"/>
      </object_component>
      <object_component id="oc-1a7">
         <name>.debug_info</name>
         <load_address>0x3d15</load_address>
         <run_address>0x3d15</run_address>
         <size>0x1ba</size>
         <input_file_ref idref="fl-3"/>
      </object_component>
      <object_component id="oc-107">
         <name>.debug_info</name>
         <load_address>0x3ecf</load_address>
         <run_address>0x3ecf</run_address>
         <size>0x17a</size>
         <input_file_ref idref="fl-3"/>
      </object_component>
      <object_component id="oc-10d">
         <name>.debug_info</name>
         <load_address>0x4049</load_address>
         <run_address>0x4049</run_address>
         <size>0x1c4</size>
         <input_file_ref idref="fl-3"/>
      </object_component>
      <object_component id="oc-113">
         <name>.debug_info</name>
         <load_address>0x420d</load_address>
         <run_address>0x420d</run_address>
         <size>0x1cd</size>
         <input_file_ref idref="fl-3"/>
      </object_component>
      <object_component id="oc-fb">
         <name>.debug_info</name>
         <load_address>0x43da</load_address>
         <run_address>0x43da</run_address>
         <size>0x380</size>
         <input_file_ref idref="fl-3"/>
      </object_component>
      <object_component id="oc-49">
         <name>.debug_info</name>
         <load_address>0x475a</load_address>
         <run_address>0x475a</run_address>
         <size>0x84</size>
         <input_file_ref idref="fl-3"/>
      </object_component>
      <object_component id="oc-cd">
         <name>.debug_info</name>
         <load_address>0x47de</load_address>
         <run_address>0x47de</run_address>
         <size>0xf1</size>
         <input_file_ref idref="fl-4"/>
      </object_component>
      <object_component id="oc-82">
         <name>.debug_info</name>
         <load_address>0x48cf</load_address>
         <run_address>0x48cf</run_address>
         <size>0x12d</size>
         <input_file_ref idref="fl-4"/>
      </object_component>
      <object_component id="oc-42">
         <name>.debug_info</name>
         <load_address>0x49fc</load_address>
         <run_address>0x49fc</run_address>
         <size>0x2d1</size>
         <input_file_ref idref="fl-5"/>
      </object_component>
      <object_component id="oc-14">
         <name>.debug_info</name>
         <load_address>0x4ccd</load_address>
         <run_address>0x4ccd</run_address>
         <size>0xfc</size>
         <input_file_ref idref="fl-5"/>
      </object_component>
      <object_component id="oc-2b">
         <name>.debug_info</name>
         <load_address>0x4dc9</load_address>
         <run_address>0x4dc9</run_address>
         <size>0x162</size>
         <input_file_ref idref="fl-5"/>
      </object_component>
      <object_component id="oc-32">
         <name>.debug_info</name>
         <load_address>0x4f2b</load_address>
         <run_address>0x4f2b</run_address>
         <size>0x14a</size>
         <input_file_ref idref="fl-5"/>
      </object_component>
      <object_component id="oc-1e3">
         <name>.debug_info</name>
         <load_address>0x5075</load_address>
         <run_address>0x5075</run_address>
         <size>0x3de</size>
         <input_file_ref idref="fl-10"/>
      </object_component>
      <object_component id="oc-17d">
         <name>.debug_info</name>
         <load_address>0x5453</load_address>
         <run_address>0x5453</run_address>
         <size>0x12b</size>
         <input_file_ref idref="fl-10"/>
      </object_component>
      <object_component id="oc-183">
         <name>.debug_info</name>
         <load_address>0x557e</load_address>
         <run_address>0x557e</run_address>
         <size>0x137</size>
         <input_file_ref idref="fl-10"/>
      </object_component>
      <object_component id="oc-1d8">
         <name>.debug_info</name>
         <load_address>0x56b5</load_address>
         <run_address>0x56b5</run_address>
         <size>0x131</size>
         <input_file_ref idref="fl-10"/>
      </object_component>
      <object_component id="oc-180">
         <name>.debug_info</name>
         <load_address>0x57e6</load_address>
         <run_address>0x57e6</run_address>
         <size>0x13e</size>
         <input_file_ref idref="fl-10"/>
      </object_component>
      <object_component id="oc-172">
         <name>.debug_info</name>
         <load_address>0x5924</load_address>
         <run_address>0x5924</run_address>
         <size>0x208</size>
         <input_file_ref idref="fl-10"/>
      </object_component>
      <object_component id="oc-178">
         <name>.debug_info</name>
         <load_address>0x5b2c</load_address>
         <run_address>0x5b2c</run_address>
         <size>0x289</size>
         <input_file_ref idref="fl-10"/>
      </object_component>
      <object_component id="oc-18d">
         <name>.debug_info</name>
         <load_address>0x5db5</load_address>
         <run_address>0x5db5</run_address>
         <size>0x202</size>
         <input_file_ref idref="fl-10"/>
      </object_component>
      <object_component id="oc-f1">
         <name>.debug_info</name>
         <load_address>0x5fb7</load_address>
         <run_address>0x5fb7</run_address>
         <size>0x3c7</size>
         <input_file_ref idref="fl-10"/>
      </object_component>
      <object_component id="oc-21e">
         <name>.debug_info</name>
         <load_address>0x637e</load_address>
         <run_address>0x637e</run_address>
         <size>0x51</size>
         <input_file_ref idref="fl-10"/>
      </object_component>
      <object_component id="oc-222">
         <name>.debug_info</name>
         <load_address>0x63cf</load_address>
         <run_address>0x63cf</run_address>
         <size>0x26b</size>
         <input_file_ref idref="fl-10"/>
      </object_component>
      <object_component id="oc-1e8">
         <name>.debug_info</name>
         <load_address>0x663a</load_address>
         <run_address>0x663a</run_address>
         <size>0x297</size>
         <input_file_ref idref="fl-10"/>
      </object_component>
      <object_component id="oc-1db">
         <name>.debug_info</name>
         <load_address>0x68d1</load_address>
         <run_address>0x68d1</run_address>
         <size>0xef</size>
         <input_file_ref idref="fl-10"/>
      </object_component>
      <object_component id="oc-186">
         <name>.debug_info</name>
         <load_address>0x69c0</load_address>
         <run_address>0x69c0</run_address>
         <size>0xbb</size>
         <input_file_ref idref="fl-10"/>
      </object_component>
      <object_component id="oc-59">
         <name>.debug_info</name>
         <load_address>0x6a7b</load_address>
         <run_address>0x6a7b</run_address>
         <size>0x2a8</size>
         <input_file_ref idref="fl-c9"/>
      </object_component>
      <object_component id="oc-1d">
         <name>.debug_info</name>
         <load_address>0x6d23</load_address>
         <run_address>0x6d23</run_address>
         <size>0x1ea</size>
         <input_file_ref idref="fl-c9"/>
      </object_component>
      <object_component id="oc-54">
         <name>.debug_info</name>
         <load_address>0x6f0d</load_address>
         <run_address>0x6f0d</run_address>
         <size>0x46</size>
         <input_file_ref idref="fl-c9"/>
      </object_component>
      <object_component id="oc-a0">
         <name>.debug_info</name>
         <load_address>0x6f53</load_address>
         <run_address>0x6f53</run_address>
         <size>0x2c</size>
         <input_file_ref idref="fl-c9"/>
      </object_component>
      <object_component id="oc-9e">
         <name>.debug_info</name>
         <load_address>0x6f7f</load_address>
         <run_address>0x6f7f</run_address>
         <size>0x29e</size>
         <input_file_ref idref="fl-ca"/>
      </object_component>
      <object_component id="oc-19">
         <name>.debug_info</name>
         <load_address>0x721d</load_address>
         <run_address>0x721d</run_address>
         <size>0x250</size>
         <input_file_ref idref="fl-ca"/>
      </object_component>
      <object_component id="oc-44">
         <name>.debug_info</name>
         <load_address>0x746d</load_address>
         <run_address>0x746d</run_address>
         <size>0x60</size>
         <input_file_ref idref="fl-ca"/>
      </object_component>
      <object_component id="oc-de">
         <name>.debug_info</name>
         <load_address>0x74cd</load_address>
         <run_address>0x74cd</run_address>
         <size>0x46</size>
         <input_file_ref idref="fl-ca"/>
      </object_component>
      <object_component id="oc-99">
         <name>.debug_info</name>
         <load_address>0x7513</load_address>
         <run_address>0x7513</run_address>
         <size>0x39</size>
         <input_file_ref idref="fl-ca"/>
      </object_component>
      <object_component id="oc-26">
         <name>.debug_info</name>
         <load_address>0x754c</load_address>
         <run_address>0x754c</run_address>
         <size>0x10b</size>
         <input_file_ref idref="fl-cb"/>
      </object_component>
      <object_component id="oc-6d">
         <name>.debug_info</name>
         <load_address>0x7657</load_address>
         <run_address>0x7657</run_address>
         <size>0x1a9</size>
         <input_file_ref idref="fl-cb"/>
      </object_component>
      <object_component id="oc-4f">
         <name>.debug_info</name>
         <load_address>0x7800</load_address>
         <run_address>0x7800</run_address>
         <size>0x119</size>
         <input_file_ref idref="fl-cd"/>
      </object_component>
      <object_component id="oc-1c2">
         <name>.debug_info</name>
         <load_address>0x7919</load_address>
         <run_address>0x7919</run_address>
         <size>0x4b3</size>
         <input_file_ref idref="fl-ce"/>
      </object_component>
      <object_component id="oc-12c">
         <name>.debug_info</name>
         <load_address>0x7dcc</load_address>
         <run_address>0x7dcc</run_address>
         <size>0x1a6</size>
         <input_file_ref idref="fl-ce"/>
      </object_component>
      <object_component id="oc-209">
         <name>.debug_info</name>
         <load_address>0x7f72</load_address>
         <run_address>0x7f72</run_address>
         <size>0x39</size>
         <input_file_ref idref="fl-ce"/>
      </object_component>
      <object_component id="oc-22c">
         <name>.debug_info</name>
         <load_address>0x7fab</load_address>
         <run_address>0x7fab</run_address>
         <size>0x39</size>
         <input_file_ref idref="fl-ce"/>
      </object_component>
      <object_component id="oc-20e">
         <name>.debug_info</name>
         <load_address>0x7fe4</load_address>
         <run_address>0x7fe4</run_address>
         <size>0x39</size>
         <input_file_ref idref="fl-ce"/>
      </object_component>
      <object_component id="oc-213">
         <name>.debug_info</name>
         <load_address>0x801d</load_address>
         <run_address>0x801d</run_address>
         <size>0xcd</size>
         <input_file_ref idref="fl-ce"/>
      </object_component>
      <object_component id="oc-b5">
         <name>.debug_info</name>
         <load_address>0x80ea</load_address>
         <run_address>0x80ea</run_address>
         <size>0x153</size>
         <input_file_ref idref="fl-cf"/>
      </object_component>
      <object_component id="oc-122">
         <name>.debug_info</name>
         <load_address>0x823d</load_address>
         <run_address>0x823d</run_address>
         <size>0x122</size>
         <input_file_ref idref="fl-d1"/>
      </object_component>
      <object_component id="oc-267">
         <name>.debug_info</name>
         <load_address>0x835f</load_address>
         <run_address>0x835f</run_address>
         <size>0xa4</size>
      </object_component>
      <object_component id="oc-160">
         <name>.debug_line</name>
         <load_address>0x0</load_address>
         <run_address>0x0</run_address>
         <size>0x93</size>
         <input_file_ref idref="fl-2"/>
      </object_component>
      <object_component id="oc-1b4">
         <name>.debug_line</name>
         <load_address>0x93</load_address>
         <run_address>0x93</run_address>
         <size>0x2c</size>
         <input_file_ref idref="fl-2"/>
      </object_component>
      <object_component id="oc-1b6">
         <name>.debug_line</name>
         <load_address>0xbf</load_address>
         <run_address>0xbf</run_address>
         <size>0x2c</size>
         <input_file_ref idref="fl-2"/>
      </object_component>
      <object_component id="oc-d1">
         <name>.debug_line</name>
         <load_address>0xeb</load_address>
         <run_address>0xeb</run_address>
         <size>0x2d</size>
         <input_file_ref idref="fl-2"/>
      </object_component>
      <object_component id="oc-bf">
         <name>.debug_line</name>
         <load_address>0x118</load_address>
         <run_address>0x118</run_address>
         <size>0xb7</size>
         <input_file_ref idref="fl-2"/>
      </object_component>
      <object_component id="oc-f8">
         <name>.debug_line</name>
         <load_address>0x1cf</load_address>
         <run_address>0x1cf</run_address>
         <size>0x8f</size>
         <input_file_ref idref="fl-2"/>
      </object_component>
      <object_component id="oc-39">
         <name>.debug_line</name>
         <load_address>0x25e</load_address>
         <run_address>0x25e</run_address>
         <size>0x4c</size>
         <input_file_ref idref="fl-2"/>
      </object_component>
      <object_component id="oc-3f">
         <name>.debug_line</name>
         <load_address>0x2aa</load_address>
         <run_address>0x2aa</run_address>
         <size>0x4d</size>
         <input_file_ref idref="fl-2"/>
      </object_component>
      <object_component id="oc-97">
         <name>.debug_line</name>
         <load_address>0x2f7</load_address>
         <run_address>0x2f7</run_address>
         <size>0x68</size>
         <input_file_ref idref="fl-2"/>
      </object_component>
      <object_component id="oc-164">
         <name>.debug_line</name>
         <load_address>0x35f</load_address>
         <run_address>0x35f</run_address>
         <size>0x78</size>
         <input_file_ref idref="fl-2"/>
      </object_component>
      <object_component id="oc-16e">
         <name>.debug_line</name>
         <load_address>0x3d7</load_address>
         <run_address>0x3d7</run_address>
         <size>0x78</size>
         <input_file_ref idref="fl-2"/>
      </object_component>
      <object_component id="oc-dc">
         <name>.debug_line</name>
         <load_address>0x44f</load_address>
         <run_address>0x44f</run_address>
         <size>0x20</size>
         <input_file_ref idref="fl-2"/>
      </object_component>
      <object_component id="oc-d7">
         <name>.debug_line</name>
         <load_address>0x46f</load_address>
         <run_address>0x46f</run_address>
         <size>0x6c</size>
         <input_file_ref idref="fl-2"/>
      </object_component>
      <object_component id="oc-90">
         <name>.debug_line</name>
         <load_address>0x4db</load_address>
         <run_address>0x4db</run_address>
         <size>0x69</size>
         <input_file_ref idref="fl-2"/>
      </object_component>
      <object_component id="oc-169">
         <name>.debug_line</name>
         <load_address>0x544</load_address>
         <run_address>0x544</run_address>
         <size>0x6b</size>
         <input_file_ref idref="fl-2"/>
      </object_component>
      <object_component id="oc-1f6">
         <name>.debug_line</name>
         <load_address>0x5af</load_address>
         <run_address>0x5af</run_address>
         <size>0x20</size>
         <input_file_ref idref="fl-3"/>
      </object_component>
      <object_component id="oc-228">
         <name>.debug_line</name>
         <load_address>0x5cf</load_address>
         <run_address>0x5cf</run_address>
         <size>0x31</size>
         <input_file_ref idref="fl-3"/>
      </object_component>
      <object_component id="oc-1f8">
         <name>.debug_line</name>
         <load_address>0x600</load_address>
         <run_address>0x600</run_address>
         <size>0x31</size>
         <input_file_ref idref="fl-3"/>
      </object_component>
      <object_component id="oc-197">
         <name>.debug_line</name>
         <load_address>0x631</load_address>
         <run_address>0x631</run_address>
         <size>0x4c</size>
         <input_file_ref idref="fl-3"/>
      </object_component>
      <object_component id="oc-19d">
         <name>.debug_line</name>
         <load_address>0x67d</load_address>
         <run_address>0x67d</run_address>
         <size>0x68</size>
         <input_file_ref idref="fl-3"/>
      </object_component>
      <object_component id="oc-1a3">
         <name>.debug_line</name>
         <load_address>0x6e5</load_address>
         <run_address>0x6e5</run_address>
         <size>0x47</size>
         <input_file_ref idref="fl-3"/>
      </object_component>
      <object_component id="oc-105">
         <name>.debug_line</name>
         <load_address>0x72c</load_address>
         <run_address>0x72c</run_address>
         <size>0x62</size>
         <input_file_ref idref="fl-3"/>
      </object_component>
      <object_component id="oc-1ab">
         <name>.debug_line</name>
         <load_address>0x78e</load_address>
         <run_address>0x78e</run_address>
         <size>0x74</size>
         <input_file_ref idref="fl-3"/>
      </object_component>
      <object_component id="oc-10b">
         <name>.debug_line</name>
         <load_address>0x802</load_address>
         <run_address>0x802</run_address>
         <size>0x57</size>
         <input_file_ref idref="fl-3"/>
      </object_component>
      <object_component id="oc-111">
         <name>.debug_line</name>
         <load_address>0x859</load_address>
         <run_address>0x859</run_address>
         <size>0x6b</size>
         <input_file_ref idref="fl-3"/>
      </object_component>
      <object_component id="oc-116">
         <name>.debug_line</name>
         <load_address>0x8c4</load_address>
         <run_address>0x8c4</run_address>
         <size>0x64</size>
         <input_file_ref idref="fl-3"/>
      </object_component>
      <object_component id="oc-ff">
         <name>.debug_line</name>
         <load_address>0x928</load_address>
         <run_address>0x928</run_address>
         <size>0x6a</size>
         <input_file_ref idref="fl-3"/>
      </object_component>
      <object_component id="oc-4c">
         <name>.debug_line</name>
         <load_address>0x992</load_address>
         <run_address>0x992</run_address>
         <size>0x20</size>
         <input_file_ref idref="fl-3"/>
      </object_component>
      <object_component id="oc-15e">
         <name>.debug_line</name>
         <load_address>0x9b2</load_address>
         <run_address>0x9b2</run_address>
         <size>0x3b</size>
         <input_file_ref idref="fl-4"/>
      </object_component>
      <object_component id="oc-81">
         <name>.debug_line</name>
         <load_address>0x9ed</load_address>
         <run_address>0x9ed</run_address>
         <size>0x56</size>
         <input_file_ref idref="fl-4"/>
      </object_component>
      <object_component id="oc-93">
         <name>.debug_line</name>
         <load_address>0xa43</load_address>
         <run_address>0xa43</run_address>
         <size>0x44</size>
         <input_file_ref idref="fl-5"/>
      </object_component>
      <object_component id="oc-41">
         <name>.debug_line</name>
         <load_address>0xa87</load_address>
         <run_address>0xa87</run_address>
         <size>0x44</size>
         <input_file_ref idref="fl-5"/>
      </object_component>
      <object_component id="oc-2a">
         <name>.debug_line</name>
         <load_address>0xacb</load_address>
         <run_address>0xacb</run_address>
         <size>0x5d</size>
         <input_file_ref idref="fl-5"/>
      </object_component>
      <object_component id="oc-30">
         <name>.debug_line</name>
         <load_address>0xb28</load_address>
         <run_address>0xb28</run_address>
         <size>0x59</size>
         <input_file_ref idref="fl-5"/>
      </object_component>
      <object_component id="oc-21d">
         <name>.debug_line</name>
         <load_address>0xb81</load_address>
         <run_address>0xb81</run_address>
         <size>0x82</size>
         <input_file_ref idref="fl-10"/>
      </object_component>
      <object_component id="oc-1e2">
         <name>.debug_line</name>
         <load_address>0xc03</load_address>
         <run_address>0xc03</run_address>
         <size>0x51</size>
         <input_file_ref idref="fl-10"/>
      </object_component>
      <object_component id="oc-1e7">
         <name>.debug_line</name>
         <load_address>0xc54</load_address>
         <run_address>0xc54</run_address>
         <size>0x51</size>
         <input_file_ref idref="fl-10"/>
      </object_component>
      <object_component id="oc-21b">
         <name>.debug_line</name>
         <load_address>0xca5</load_address>
         <run_address>0xca5</run_address>
         <size>0x51</size>
         <input_file_ref idref="fl-10"/>
      </object_component>
      <object_component id="oc-1e5">
         <name>.debug_line</name>
         <load_address>0xcf6</load_address>
         <run_address>0xcf6</run_address>
         <size>0x51</size>
         <input_file_ref idref="fl-10"/>
      </object_component>
      <object_component id="oc-175">
         <name>.debug_line</name>
         <load_address>0xd47</load_address>
         <run_address>0xd47</run_address>
         <size>0x79</size>
         <input_file_ref idref="fl-10"/>
      </object_component>
      <object_component id="oc-17b">
         <name>.debug_line</name>
         <load_address>0xdc0</load_address>
         <run_address>0xdc0</run_address>
         <size>0x74</size>
         <input_file_ref idref="fl-10"/>
      </object_component>
      <object_component id="oc-190">
         <name>.debug_line</name>
         <load_address>0xe34</load_address>
         <run_address>0xe34</run_address>
         <size>0x6d</size>
         <input_file_ref idref="fl-10"/>
      </object_component>
      <object_component id="oc-f0">
         <name>.debug_line</name>
         <load_address>0xea1</load_address>
         <run_address>0xea1</run_address>
         <size>0x121</size>
         <input_file_ref idref="fl-10"/>
      </object_component>
      <object_component id="oc-220">
         <name>.debug_line</name>
         <load_address>0xfc2</load_address>
         <run_address>0xfc2</run_address>
         <size>0x51</size>
         <input_file_ref idref="fl-10"/>
      </object_component>
      <object_component id="oc-225">
         <name>.debug_line</name>
         <load_address>0x1013</load_address>
         <run_address>0x1013</run_address>
         <size>0x51</size>
         <input_file_ref idref="fl-10"/>
      </object_component>
      <object_component id="oc-1eb">
         <name>.debug_line</name>
         <load_address>0x1064</load_address>
         <run_address>0x1064</run_address>
         <size>0x55</size>
         <input_file_ref idref="fl-10"/>
      </object_component>
      <object_component id="oc-1de">
         <name>.debug_line</name>
         <load_address>0x10b9</load_address>
         <run_address>0x10b9</run_address>
         <size>0x51</size>
         <input_file_ref idref="fl-10"/>
      </object_component>
      <object_component id="oc-189">
         <name>.debug_line</name>
         <load_address>0x110a</load_address>
         <run_address>0x110a</run_address>
         <size>0x52</size>
         <input_file_ref idref="fl-10"/>
      </object_component>
      <object_component id="oc-a6">
         <name>.debug_line</name>
         <load_address>0x115c</load_address>
         <run_address>0x115c</run_address>
         <size>0x20</size>
         <input_file_ref idref="fl-c9"/>
      </object_component>
      <object_component id="oc-21">
         <name>.debug_line</name>
         <load_address>0x117c</load_address>
         <run_address>0x117c</run_address>
         <size>0x55</size>
         <input_file_ref idref="fl-c9"/>
      </object_component>
      <object_component id="oc-57">
         <name>.debug_line</name>
         <load_address>0x11d1</load_address>
         <run_address>0x11d1</run_address>
         <size>0x3a</size>
         <input_file_ref idref="fl-c9"/>
      </object_component>
      <object_component id="oc-a3">
         <name>.debug_line</name>
         <load_address>0x120b</load_address>
         <run_address>0x120b</run_address>
         <size>0x92</size>
         <input_file_ref idref="fl-c9"/>
      </object_component>
      <object_component id="oc-e4">
         <name>.debug_line</name>
         <load_address>0x129d</load_address>
         <run_address>0x129d</run_address>
         <size>0x20</size>
         <input_file_ref idref="fl-ca"/>
      </object_component>
      <object_component id="oc-17">
         <name>.debug_line</name>
         <load_address>0x12bd</load_address>
         <run_address>0x12bd</run_address>
         <size>0xa9</size>
         <input_file_ref idref="fl-ca"/>
      </object_component>
      <object_component id="oc-47">
         <name>.debug_line</name>
         <load_address>0x1366</load_address>
         <run_address>0x1366</run_address>
         <size>0x3a</size>
         <input_file_ref idref="fl-ca"/>
      </object_component>
      <object_component id="oc-e1">
         <name>.debug_line</name>
         <load_address>0x13a0</load_address>
         <run_address>0x13a0</run_address>
         <size>0x9a</size>
         <input_file_ref idref="fl-ca"/>
      </object_component>
      <object_component id="oc-9c">
         <name>.debug_line</name>
         <load_address>0x143a</load_address>
         <run_address>0x143a</run_address>
         <size>0x96</size>
         <input_file_ref idref="fl-ca"/>
      </object_component>
      <object_component id="oc-7f">
         <name>.debug_line</name>
         <load_address>0x14d0</load_address>
         <run_address>0x14d0</run_address>
         <size>0x33</size>
         <input_file_ref idref="fl-cb"/>
      </object_component>
      <object_component id="oc-70">
         <name>.debug_line</name>
         <load_address>0x1503</load_address>
         <run_address>0x1503</run_address>
         <size>0x45</size>
         <input_file_ref idref="fl-cb"/>
      </object_component>
      <object_component id="oc-52">
         <name>.debug_line</name>
         <load_address>0x1548</load_address>
         <run_address>0x1548</run_address>
         <size>0x88</size>
         <input_file_ref idref="fl-cd"/>
      </object_component>
      <object_component id="oc-208">
         <name>.debug_line</name>
         <load_address>0x15d0</load_address>
         <run_address>0x15d0</run_address>
         <size>0xbf</size>
         <input_file_ref idref="fl-ce"/>
      </object_component>
      <object_component id="oc-12f">
         <name>.debug_line</name>
         <load_address>0x168f</load_address>
         <run_address>0x168f</run_address>
         <size>0x6f</size>
         <input_file_ref idref="fl-ce"/>
      </object_component>
      <object_component id="oc-20c">
         <name>.debug_line</name>
         <load_address>0x16fe</load_address>
         <run_address>0x16fe</run_address>
         <size>0x2e</size>
         <input_file_ref idref="fl-ce"/>
      </object_component>
      <object_component id="oc-22f">
         <name>.debug_line</name>
         <load_address>0x172c</load_address>
         <run_address>0x172c</run_address>
         <size>0x9a</size>
         <input_file_ref idref="fl-ce"/>
      </object_component>
      <object_component id="oc-211">
         <name>.debug_line</name>
         <load_address>0x17c6</load_address>
         <run_address>0x17c6</run_address>
         <size>0x97</size>
         <input_file_ref idref="fl-ce"/>
      </object_component>
      <object_component id="oc-216">
         <name>.debug_line</name>
         <load_address>0x185d</load_address>
         <run_address>0x185d</run_address>
         <size>0x93</size>
         <input_file_ref idref="fl-ce"/>
      </object_component>
      <object_component id="oc-b9">
         <name>.debug_line</name>
         <load_address>0x18f0</load_address>
         <run_address>0x18f0</run_address>
         <size>0x40</size>
         <input_file_ref idref="fl-cf"/>
      </object_component>
      <object_component id="oc-121">
         <name>.debug_line</name>
         <load_address>0x1930</load_address>
         <run_address>0x1930</run_address>
         <size>0x3c</size>
         <input_file_ref idref="fl-d1"/>
      </object_component>
      <object_component id="oc-be">
         <name>.debug_frame</name>
         <load_address>0x0</load_address>
         <run_address>0x0</run_address>
         <size>0x60</size>
         <input_file_ref idref="fl-2"/>
      </object_component>
      <object_component id="oc-f9">
         <name>.debug_frame</name>
         <load_address>0x60</load_address>
         <run_address>0x60</run_address>
         <size>0x5c</size>
         <input_file_ref idref="fl-2"/>
      </object_component>
      <object_component id="oc-38">
         <name>.debug_frame</name>
         <load_address>0xbc</load_address>
         <run_address>0xbc</run_address>
         <size>0x58</size>
         <input_file_ref idref="fl-2"/>
      </object_component>
      <object_component id="oc-3e">
         <name>.debug_frame</name>
         <load_address>0x114</load_address>
         <run_address>0x114</run_address>
         <size>0x58</size>
         <input_file_ref idref="fl-2"/>
      </object_component>
      <object_component id="oc-196">
         <name>.debug_frame</name>
         <load_address>0x16c</load_address>
         <run_address>0x16c</run_address>
         <size>0x58</size>
         <input_file_ref idref="fl-3"/>
      </object_component>
      <object_component id="oc-19c">
         <name>.debug_frame</name>
         <load_address>0x1c4</load_address>
         <run_address>0x1c4</run_address>
         <size>0x5c</size>
         <input_file_ref idref="fl-3"/>
      </object_component>
      <object_component id="oc-1a2">
         <name>.debug_frame</name>
         <load_address>0x220</load_address>
         <run_address>0x220</run_address>
         <size>0x58</size>
         <input_file_ref idref="fl-3"/>
      </object_component>
      <object_component id="oc-104">
         <name>.debug_frame</name>
         <load_address>0x278</load_address>
         <run_address>0x278</run_address>
         <size>0x58</size>
         <input_file_ref idref="fl-3"/>
      </object_component>
      <object_component id="oc-1aa">
         <name>.debug_frame</name>
         <load_address>0x2d0</load_address>
         <run_address>0x2d0</run_address>
         <size>0x60</size>
         <input_file_ref idref="fl-3"/>
      </object_component>
      <object_component id="oc-10a">
         <name>.debug_frame</name>
         <load_address>0x330</load_address>
         <run_address>0x330</run_address>
         <size>0x5c</size>
         <input_file_ref idref="fl-3"/>
      </object_component>
      <object_component id="oc-110">
         <name>.debug_frame</name>
         <load_address>0x38c</load_address>
         <run_address>0x38c</run_address>
         <size>0x60</size>
         <input_file_ref idref="fl-3"/>
      </object_component>
      <object_component id="oc-117">
         <name>.debug_frame</name>
         <load_address>0x3ec</load_address>
         <run_address>0x3ec</run_address>
         <size>0x60</size>
         <input_file_ref idref="fl-3"/>
      </object_component>
      <object_component id="oc-fe">
         <name>.debug_frame</name>
         <load_address>0x44c</load_address>
         <run_address>0x44c</run_address>
         <size>0x5c</size>
         <input_file_ref idref="fl-3"/>
      </object_component>
      <object_component id="oc-85">
         <name>.debug_frame</name>
         <load_address>0x4a8</load_address>
         <run_address>0x4a8</run_address>
         <size>0x54</size>
         <input_file_ref idref="fl-4"/>
      </object_component>
      <object_component id="oc-29">
         <name>.debug_frame</name>
         <load_address>0x4fc</load_address>
         <run_address>0x4fc</run_address>
         <size>0x58</size>
         <input_file_ref idref="fl-5"/>
      </object_component>
      <object_component id="oc-2f">
         <name>.debug_frame</name>
         <load_address>0x554</load_address>
         <run_address>0x554</run_address>
         <size>0x54</size>
         <input_file_ref idref="fl-5"/>
      </object_component>
      <object_component id="oc-171">
         <name>.debug_frame</name>
         <load_address>0x5a8</load_address>
         <run_address>0x5a8</run_address>
         <size>0x58</size>
         <input_file_ref idref="fl-10"/>
      </object_component>
      <object_component id="oc-177">
         <name>.debug_frame</name>
         <load_address>0x600</load_address>
         <run_address>0x600</run_address>
         <size>0x58</size>
         <input_file_ref idref="fl-10"/>
      </object_component>
      <object_component id="oc-18c">
         <name>.debug_frame</name>
         <load_address>0x658</load_address>
         <run_address>0x658</run_address>
         <size>0x5c</size>
         <input_file_ref idref="fl-10"/>
      </object_component>
      <object_component id="oc-ef">
         <name>.debug_frame</name>
         <load_address>0x6b4</load_address>
         <run_address>0x6b4</run_address>
         <size>0x64</size>
         <input_file_ref idref="fl-10"/>
      </object_component>
      <object_component id="oc-20">
         <name>.debug_frame</name>
         <load_address>0x718</load_address>
         <run_address>0x718</run_address>
         <size>0x54</size>
         <input_file_ref idref="fl-c9"/>
      </object_component>
      <object_component id="oc-18">
         <name>.debug_frame</name>
         <load_address>0x76c</load_address>
         <run_address>0x76c</run_address>
         <size>0x60</size>
         <input_file_ref idref="fl-ca"/>
      </object_component>
      <object_component id="oc-71">
         <name>.debug_frame</name>
         <load_address>0x7cc</load_address>
         <run_address>0x7cc</run_address>
         <size>0x50</size>
         <input_file_ref idref="fl-cb"/>
      </object_component>
      <object_component id="oc-130">
         <name>.debug_frame</name>
         <load_address>0x81c</load_address>
         <run_address>0x81c</run_address>
         <size>0x5c</size>
         <input_file_ref idref="fl-ce"/>
      </object_component>
      <object_component id="oc-b8">
         <name>.debug_frame</name>
         <load_address>0x878</load_address>
         <run_address>0x878</run_address>
         <size>0x54</size>
         <input_file_ref idref="fl-cf"/>
      </object_component>
      <object_component id="oc-124">
         <name>.debug_frame</name>
         <load_address>0x8cc</load_address>
         <run_address>0x8cc</run_address>
         <size>0x54</size>
         <input_file_ref idref="fl-d1"/>
      </object_component>
      <object_component id="oc-15f">
         <name>.debug_abbrev</name>
         <load_address>0x0</load_address>
         <run_address>0x0</run_address>
         <size>0xfd</size>
         <input_file_ref idref="fl-2"/>
      </object_component>
      <object_component id="oc-1b3">
         <name>.debug_abbrev</name>
         <load_address>0xfd</load_address>
         <run_address>0xfd</run_address>
         <size>0x29</size>
         <input_file_ref idref="fl-2"/>
      </object_component>
      <object_component id="oc-1b5">
         <name>.debug_abbrev</name>
         <load_address>0x126</load_address>
         <run_address>0x126</run_address>
         <size>0x29</size>
         <input_file_ref idref="fl-2"/>
      </object_component>
      <object_component id="oc-d0">
         <name>.debug_abbrev</name>
         <load_address>0x14f</load_address>
         <run_address>0x14f</run_address>
         <size>0x29</size>
         <input_file_ref idref="fl-2"/>
      </object_component>
      <object_component id="oc-11e">
         <name>.debug_abbrev</name>
         <load_address>0x178</load_address>
         <run_address>0x178</run_address>
         <size>0x71</size>
         <input_file_ref idref="fl-2"/>
      </object_component>
      <object_component id="oc-191">
         <name>.debug_abbrev</name>
         <load_address>0x1e9</load_address>
         <run_address>0x1e9</run_address>
         <size>0x6d</size>
         <input_file_ref idref="fl-2"/>
      </object_component>
      <object_component id="oc-8b">
         <name>.debug_abbrev</name>
         <load_address>0x256</load_address>
         <run_address>0x256</run_address>
         <size>0x5f</size>
         <input_file_ref idref="fl-2"/>
      </object_component>
      <object_component id="oc-8c">
         <name>.debug_abbrev</name>
         <load_address>0x2b5</load_address>
         <run_address>0x2b5</run_address>
         <size>0x6d</size>
         <input_file_ref idref="fl-2"/>
      </object_component>
      <object_component id="oc-96">
         <name>.debug_abbrev</name>
         <load_address>0x322</load_address>
         <run_address>0x322</run_address>
         <size>0x69</size>
         <input_file_ref idref="fl-2"/>
      </object_component>
      <object_component id="oc-163">
         <name>.debug_abbrev</name>
         <load_address>0x38b</load_address>
         <run_address>0x38b</run_address>
         <size>0x97</size>
         <input_file_ref idref="fl-2"/>
      </object_component>
      <object_component id="oc-16d">
         <name>.debug_abbrev</name>
         <load_address>0x422</load_address>
         <run_address>0x422</run_address>
         <size>0xa6</size>
         <input_file_ref idref="fl-2"/>
      </object_component>
      <object_component id="oc-db">
         <name>.debug_abbrev</name>
         <load_address>0x4c8</load_address>
         <run_address>0x4c8</run_address>
         <size>0x1f</size>
         <input_file_ref idref="fl-2"/>
      </object_component>
      <object_component id="oc-d6">
         <name>.debug_abbrev</name>
         <load_address>0x4e7</load_address>
         <run_address>0x4e7</run_address>
         <size>0x5c</size>
         <input_file_ref idref="fl-2"/>
      </object_component>
      <object_component id="oc-8f">
         <name>.debug_abbrev</name>
         <load_address>0x543</load_address>
         <run_address>0x543</run_address>
         <size>0x24</size>
         <input_file_ref idref="fl-2"/>
      </object_component>
      <object_component id="oc-168">
         <name>.debug_abbrev</name>
         <load_address>0x567</load_address>
         <run_address>0x567</run_address>
         <size>0x33</size>
         <input_file_ref idref="fl-2"/>
      </object_component>
      <object_component id="oc-1f5">
         <name>.debug_abbrev</name>
         <load_address>0x59a</load_address>
         <run_address>0x59a</run_address>
         <size>0x87</size>
         <input_file_ref idref="fl-3"/>
      </object_component>
      <object_component id="oc-227">
         <name>.debug_abbrev</name>
         <load_address>0x621</load_address>
         <run_address>0x621</run_address>
         <size>0x29</size>
         <input_file_ref idref="fl-3"/>
      </object_component>
      <object_component id="oc-1f7">
         <name>.debug_abbrev</name>
         <load_address>0x64a</load_address>
         <run_address>0x64a</run_address>
         <size>0x29</size>
         <input_file_ref idref="fl-3"/>
      </object_component>
      <object_component id="oc-1ee">
         <name>.debug_abbrev</name>
         <load_address>0x673</load_address>
         <run_address>0x673</run_address>
         <size>0x6c</size>
         <input_file_ref idref="fl-3"/>
      </object_component>
      <object_component id="oc-1ef">
         <name>.debug_abbrev</name>
         <load_address>0x6df</load_address>
         <run_address>0x6df</run_address>
         <size>0x7b</size>
         <input_file_ref idref="fl-3"/>
      </object_component>
      <object_component id="oc-1f0">
         <name>.debug_abbrev</name>
         <load_address>0x75a</load_address>
         <run_address>0x75a</run_address>
         <size>0x7a</size>
         <input_file_ref idref="fl-3"/>
      </object_component>
      <object_component id="oc-1a5">
         <name>.debug_abbrev</name>
         <load_address>0x7d4</load_address>
         <run_address>0x7d4</run_address>
         <size>0x6c</size>
         <input_file_ref idref="fl-3"/>
      </object_component>
      <object_component id="oc-1f4">
         <name>.debug_abbrev</name>
         <load_address>0x840</load_address>
         <run_address>0x840</run_address>
         <size>0x7a</size>
         <input_file_ref idref="fl-3"/>
      </object_component>
      <object_component id="oc-1ac">
         <name>.debug_abbrev</name>
         <load_address>0x8ba</load_address>
         <run_address>0x8ba</run_address>
         <size>0x7a</size>
         <input_file_ref idref="fl-3"/>
      </object_component>
      <object_component id="oc-1b1">
         <name>.debug_abbrev</name>
         <load_address>0x934</load_address>
         <run_address>0x934</run_address>
         <size>0x7a</size>
         <input_file_ref idref="fl-3"/>
      </object_component>
      <object_component id="oc-1b2">
         <name>.debug_abbrev</name>
         <load_address>0x9ae</load_address>
         <run_address>0x9ae</run_address>
         <size>0x7a</size>
         <input_file_ref idref="fl-3"/>
      </object_component>
      <object_component id="oc-1a4">
         <name>.debug_abbrev</name>
         <load_address>0xa28</load_address>
         <run_address>0xa28</run_address>
         <size>0x6d</size>
         <input_file_ref idref="fl-3"/>
      </object_component>
      <object_component id="oc-4b">
         <name>.debug_abbrev</name>
         <load_address>0xa95</load_address>
         <run_address>0xa95</run_address>
         <size>0x1f</size>
         <input_file_ref idref="fl-3"/>
      </object_component>
      <object_component id="oc-15d">
         <name>.debug_abbrev</name>
         <load_address>0xab4</load_address>
         <run_address>0xab4</run_address>
         <size>0x29</size>
         <input_file_ref idref="fl-4"/>
      </object_component>
      <object_component id="oc-cf">
         <name>.debug_abbrev</name>
         <load_address>0xadd</load_address>
         <run_address>0xadd</run_address>
         <size>0x50</size>
         <input_file_ref idref="fl-4"/>
      </object_component>
      <object_component id="oc-92">
         <name>.debug_abbrev</name>
         <load_address>0xb2d</load_address>
         <run_address>0xb2d</run_address>
         <size>0x7c</size>
         <input_file_ref idref="fl-5"/>
      </object_component>
      <object_component id="oc-40">
         <name>.debug_abbrev</name>
         <load_address>0xba9</load_address>
         <run_address>0xba9</run_address>
         <size>0x29</size>
         <input_file_ref idref="fl-5"/>
      </object_component>
      <object_component id="oc-86">
         <name>.debug_abbrev</name>
         <load_address>0xbd2</load_address>
         <run_address>0xbd2</run_address>
         <size>0x5e</size>
         <input_file_ref idref="fl-5"/>
      </object_component>
      <object_component id="oc-87">
         <name>.debug_abbrev</name>
         <load_address>0xc30</load_address>
         <run_address>0xc30</run_address>
         <size>0x42</size>
         <input_file_ref idref="fl-5"/>
      </object_component>
      <object_component id="oc-21c">
         <name>.debug_abbrev</name>
         <load_address>0xc72</load_address>
         <run_address>0xc72</run_address>
         <size>0x9e</size>
         <input_file_ref idref="fl-10"/>
      </object_component>
      <object_component id="oc-1e1">
         <name>.debug_abbrev</name>
         <load_address>0xd10</load_address>
         <run_address>0xd10</run_address>
         <size>0x27</size>
         <input_file_ref idref="fl-10"/>
      </object_component>
      <object_component id="oc-1e6">
         <name>.debug_abbrev</name>
         <load_address>0xd37</load_address>
         <run_address>0xd37</run_address>
         <size>0x27</size>
         <input_file_ref idref="fl-10"/>
      </object_component>
      <object_component id="oc-21a">
         <name>.debug_abbrev</name>
         <load_address>0xd5e</load_address>
         <run_address>0xd5e</run_address>
         <size>0x27</size>
         <input_file_ref idref="fl-10"/>
      </object_component>
      <object_component id="oc-1e4">
         <name>.debug_abbrev</name>
         <load_address>0xd85</load_address>
         <run_address>0xd85</run_address>
         <size>0x27</size>
         <input_file_ref idref="fl-10"/>
      </object_component>
      <object_component id="oc-1da">
         <name>.debug_abbrev</name>
         <load_address>0xdac</load_address>
         <run_address>0xdac</run_address>
         <size>0x6c</size>
         <input_file_ref idref="fl-10"/>
      </object_component>
      <object_component id="oc-1e0">
         <name>.debug_abbrev</name>
         <load_address>0xe18</load_address>
         <run_address>0xe18</run_address>
         <size>0x6c</size>
         <input_file_ref idref="fl-10"/>
      </object_component>
      <object_component id="oc-1ed">
         <name>.debug_abbrev</name>
         <load_address>0xe84</load_address>
         <run_address>0xe84</run_address>
         <size>0x6e</size>
         <input_file_ref idref="fl-10"/>
      </object_component>
      <object_component id="oc-185">
         <name>.debug_abbrev</name>
         <load_address>0xef2</load_address>
         <run_address>0xef2</run_address>
         <size>0x7c</size>
         <input_file_ref idref="fl-10"/>
      </object_component>
      <object_component id="oc-21f">
         <name>.debug_abbrev</name>
         <load_address>0xf6e</load_address>
         <run_address>0xf6e</run_address>
         <size>0x38</size>
         <input_file_ref idref="fl-10"/>
      </object_component>
      <object_component id="oc-224">
         <name>.debug_abbrev</name>
         <load_address>0xfa6</load_address>
         <run_address>0xfa6</run_address>
         <size>0x69</size>
         <input_file_ref idref="fl-10"/>
      </object_component>
      <object_component id="oc-1ea">
         <name>.debug_abbrev</name>
         <load_address>0x100f</load_address>
         <run_address>0x100f</run_address>
         <size>0x5c</size>
         <input_file_ref idref="fl-10"/>
      </object_component>
      <object_component id="oc-1dd">
         <name>.debug_abbrev</name>
         <load_address>0x106b</load_address>
         <run_address>0x106b</run_address>
         <size>0x24</size>
         <input_file_ref idref="fl-10"/>
      </object_component>
      <object_component id="oc-188">
         <name>.debug_abbrev</name>
         <load_address>0x108f</load_address>
         <run_address>0x108f</run_address>
         <size>0x24</size>
         <input_file_ref idref="fl-10"/>
      </object_component>
      <object_component id="oc-a5">
         <name>.debug_abbrev</name>
         <load_address>0x10b3</load_address>
         <run_address>0x10b3</run_address>
         <size>0x37</size>
         <input_file_ref idref="fl-c9"/>
      </object_component>
      <object_component id="oc-53">
         <name>.debug_abbrev</name>
         <load_address>0x10ea</load_address>
         <run_address>0x10ea</run_address>
         <size>0x74</size>
         <input_file_ref idref="fl-c9"/>
      </object_component>
      <object_component id="oc-56">
         <name>.debug_abbrev</name>
         <load_address>0x115e</load_address>
         <run_address>0x115e</run_address>
         <size>0x24</size>
         <input_file_ref idref="fl-c9"/>
      </object_component>
      <object_component id="oc-a2">
         <name>.debug_abbrev</name>
         <load_address>0x1182</load_address>
         <run_address>0x1182</run_address>
         <size>0x24</size>
         <input_file_ref idref="fl-c9"/>
      </object_component>
      <object_component id="oc-e3">
         <name>.debug_abbrev</name>
         <load_address>0x11a6</load_address>
         <run_address>0x11a6</run_address>
         <size>0x37</size>
         <input_file_ref idref="fl-ca"/>
      </object_component>
      <object_component id="oc-43">
         <name>.debug_abbrev</name>
         <load_address>0x11dd</load_address>
         <run_address>0x11dd</run_address>
         <size>0x6f</size>
         <input_file_ref idref="fl-ca"/>
      </object_component>
      <object_component id="oc-46">
         <name>.debug_abbrev</name>
         <load_address>0x124c</load_address>
         <run_address>0x124c</run_address>
         <size>0x24</size>
         <input_file_ref idref="fl-ca"/>
      </object_component>
      <object_component id="oc-e0">
         <name>.debug_abbrev</name>
         <load_address>0x1270</load_address>
         <run_address>0x1270</run_address>
         <size>0x35</size>
         <input_file_ref idref="fl-ca"/>
      </object_component>
      <object_component id="oc-9b">
         <name>.debug_abbrev</name>
         <load_address>0x12a5</load_address>
         <run_address>0x12a5</run_address>
         <size>0x24</size>
         <input_file_ref idref="fl-ca"/>
      </object_component>
      <object_component id="oc-7e">
         <name>.debug_abbrev</name>
         <load_address>0x12c9</load_address>
         <run_address>0x12c9</run_address>
         <size>0x29</size>
         <input_file_ref idref="fl-cb"/>
      </object_component>
      <object_component id="oc-c3">
         <name>.debug_abbrev</name>
         <load_address>0x12f2</load_address>
         <run_address>0x12f2</run_address>
         <size>0x55</size>
         <input_file_ref idref="fl-cb"/>
      </object_component>
      <object_component id="oc-9f">
         <name>.debug_abbrev</name>
         <load_address>0x1347</load_address>
         <run_address>0x1347</run_address>
         <size>0x3e</size>
         <input_file_ref idref="fl-cd"/>
      </object_component>
      <object_component id="oc-207">
         <name>.debug_abbrev</name>
         <load_address>0x1385</load_address>
         <run_address>0x1385</run_address>
         <size>0xc0</size>
         <input_file_ref idref="fl-ce"/>
      </object_component>
      <object_component id="oc-1c1">
         <name>.debug_abbrev</name>
         <load_address>0x1445</load_address>
         <run_address>0x1445</run_address>
         <size>0x7e</size>
         <input_file_ref idref="fl-ce"/>
      </object_component>
      <object_component id="oc-20b">
         <name>.debug_abbrev</name>
         <load_address>0x14c3</load_address>
         <run_address>0x14c3</run_address>
         <size>0x24</size>
         <input_file_ref idref="fl-ce"/>
      </object_component>
      <object_component id="oc-22e">
         <name>.debug_abbrev</name>
         <load_address>0x14e7</load_address>
         <run_address>0x14e7</run_address>
         <size>0x24</size>
         <input_file_ref idref="fl-ce"/>
      </object_component>
      <object_component id="oc-210">
         <name>.debug_abbrev</name>
         <load_address>0x150b</load_address>
         <run_address>0x150b</run_address>
         <size>0x24</size>
         <input_file_ref idref="fl-ce"/>
      </object_component>
      <object_component id="oc-215">
         <name>.debug_abbrev</name>
         <load_address>0x152f</load_address>
         <run_address>0x152f</run_address>
         <size>0x4b</size>
         <input_file_ref idref="fl-ce"/>
      </object_component>
      <object_component id="oc-ed">
         <name>.debug_abbrev</name>
         <load_address>0x157a</load_address>
         <run_address>0x157a</run_address>
         <size>0x55</size>
         <input_file_ref idref="fl-cf"/>
      </object_component>
      <object_component id="oc-1b7">
         <name>.debug_abbrev</name>
         <load_address>0x15cf</load_address>
         <run_address>0x15cf</run_address>
         <size>0x45</size>
         <input_file_ref idref="fl-d1"/>
      </object_component>
      <object_component id="oc-268">
         <name>.debug_abbrev</name>
         <load_address>0x1614</load_address>
         <run_address>0x1614</run_address>
         <size>0xf</size>
      </object_component>
      <object_component id="oc-98">
         <name>.debug_str</name>
         <load_address>0x0</load_address>
         <run_address>0x0</run_address>
         <size>0x2ae</size>
         <input_file_ref idref="fl-2"/>
      </object_component>
      <object_component id="oc-165">
         <name>.debug_str</name>
         <load_address>0x2ae</load_address>
         <run_address>0x2ae</run_address>
         <size>0x497</size>
         <input_file_ref idref="fl-2"/>
      </object_component>
      <object_component id="oc-16f">
         <name>.debug_str</name>
         <load_address>0x745</load_address>
         <run_address>0x745</run_address>
         <size>0x1ca</size>
         <input_file_ref idref="fl-2"/>
      </object_component>
      <object_component id="oc-dd">
         <name>.debug_str</name>
         <load_address>0x90f</load_address>
         <run_address>0x90f</run_address>
         <size>0xfd</size>
         <input_file_ref idref="fl-2"/>
      </object_component>
      <object_component id="oc-d8">
         <name>.debug_str</name>
         <load_address>0xa0c</load_address>
         <run_address>0xa0c</run_address>
         <size>0x344</size>
         <input_file_ref idref="fl-2"/>
      </object_component>
      <object_component id="oc-91">
         <name>.debug_str</name>
         <load_address>0xd50</load_address>
         <run_address>0xd50</run_address>
         <size>0x146</size>
         <input_file_ref idref="fl-2"/>
      </object_component>
      <object_component id="oc-16a">
         <name>.debug_str</name>
         <load_address>0xe96</load_address>
         <run_address>0xe96</run_address>
         <size>0xf2</size>
         <input_file_ref idref="fl-2"/>
      </object_component>
      <object_component id="oc-4d">
         <name>.debug_str</name>
         <load_address>0xf88</load_address>
         <run_address>0xf88</run_address>
         <size>0xfd</size>
         <input_file_ref idref="fl-3"/>
      </object_component>
      <object_component id="oc-221">
         <name>.debug_str</name>
         <load_address>0x1085</load_address>
         <run_address>0x1085</run_address>
         <size>0x10d</size>
         <input_file_ref idref="fl-10"/>
      </object_component>
      <object_component id="oc-226">
         <name>.debug_str</name>
         <load_address>0x1192</load_address>
         <run_address>0x1192</run_address>
         <size>0x2c2</size>
         <input_file_ref idref="fl-10"/>
      </object_component>
      <object_component id="oc-1ec">
         <name>.debug_str</name>
         <load_address>0x1454</load_address>
         <run_address>0x1454</run_address>
         <size>0x351</size>
         <input_file_ref idref="fl-10"/>
      </object_component>
      <object_component id="oc-1df">
         <name>.debug_str</name>
         <load_address>0x17a5</load_address>
         <run_address>0x17a5</run_address>
         <size>0x1cd</size>
         <input_file_ref idref="fl-10"/>
      </object_component>
      <object_component id="oc-18a">
         <name>.debug_str</name>
         <load_address>0x1972</load_address>
         <run_address>0x1972</run_address>
         <size>0x15a</size>
         <input_file_ref idref="fl-10"/>
      </object_component>
      <object_component id="oc-58">
         <name>.debug_str</name>
         <load_address>0x1acc</load_address>
         <run_address>0x1acc</run_address>
         <size>0x10b</size>
         <input_file_ref idref="fl-c9"/>
      </object_component>
      <object_component id="oc-a4">
         <name>.debug_str</name>
         <load_address>0x1bd7</load_address>
         <run_address>0x1bd7</run_address>
         <size>0x140</size>
         <input_file_ref idref="fl-c9"/>
      </object_component>
      <object_component id="oc-48">
         <name>.debug_str</name>
         <load_address>0x1d17</load_address>
         <run_address>0x1d17</run_address>
         <size>0x118</size>
         <input_file_ref idref="fl-ca"/>
      </object_component>
      <object_component id="oc-e2">
         <name>.debug_str</name>
         <load_address>0x1e2f</load_address>
         <run_address>0x1e2f</run_address>
         <size>0x16b</size>
         <input_file_ref idref="fl-ca"/>
      </object_component>
      <object_component id="oc-9d">
         <name>.debug_str</name>
         <load_address>0x1f9a</load_address>
         <run_address>0x1f9a</run_address>
         <size>0x158</size>
         <input_file_ref idref="fl-ca"/>
      </object_component>
      <object_component id="oc-20d">
         <name>.debug_str</name>
         <load_address>0x20f2</load_address>
         <run_address>0x20f2</run_address>
         <size>0xed</size>
         <input_file_ref idref="fl-ce"/>
      </object_component>
      <object_component id="oc-230">
         <name>.debug_str</name>
         <load_address>0x21df</load_address>
         <run_address>0x21df</run_address>
         <size>0x157</size>
         <input_file_ref idref="fl-ce"/>
      </object_component>
      <object_component id="oc-212">
         <name>.debug_str</name>
         <load_address>0x2336</load_address>
         <run_address>0x2336</run_address>
         <size>0x150</size>
         <input_file_ref idref="fl-ce"/>
      </object_component>
      <object_component id="oc-217">
         <name>.debug_str</name>
         <load_address>0x2486</load_address>
         <run_address>0x2486</run_address>
[...]
      </symbol>
      <symbol id="sm-5">
         <name>__TI_CINIT_Limit</name>
         <value>0x26e0</value>
      </symbol>
      <symbol id="sm-6">
         <name>__TI_Handler_Table_Base</name>
         <value>0x26d0</value>
      </symbol>
      <symbol id="sm-7">
         <name>__TI_Handler_Table_Limit</name>
         <value>0x26d8</value>
      </symbol>
      <symbol id="sm-8">
         <name>binit</name>
         <value>0xffffffff</value>
      </symbol>
      <symbol id="sm-9">
         <name>__binit__</name>
         <value>0xffffffff</value>
      </symbol>
      <symbol id="sm-a">
         <name>__STACK_SIZE</name>
         <value>0x200</value>
      </symbol>
      <symbol id="sm-b">
         <name>__STACK_END</name>
         <value>0x20000a10</value>
      </symbol>
      <symbol id="sm-c">
         <name>__c_args__</name>
         <value>0xffffffff</value>
      </symbol>
      <symbol id="sm-d">
         <name>__TI_pprof_out_hndl</name>
         <value>0xffffffff</value>
      </symbol>
      <symbol id="sm-e">
         <name>__TI_prof_data_start</name>
         <value>0xffffffff</value>
      </symbol>
      <symbol id="sm-f">
         <name>__TI_prof_data_size</name>
         <value>0xffffffff</value>
      </symbol>
      <symbol id="sm-bc">
         <name>SysTick_Handler</name>
         <value>0x22f9</value>
         <object_component_ref idref="oc-34"/>
      </symbol>
      <symbol id="sm-bd">
         <name>BMP4</name>
         <value>0x20000400</value>
         <object_component_ref idref="oc-11b"/>
      </symbol>
      <symbol id="sm-be">
         <name>BMP1</name>
         <value>0x20000000</value>
         <object_component_ref idref="oc-118"/>
      </symbol>
      <symbol id="sm-bf">
         <name>Trg</name>
         <value>0x20000804</value>
         <object_component_ref idref="oc-88"/>
      </symbol>
      <symbol id="sm-c0">
         <name>main</name>
         <value>0x1669</value>
         <object_component_ref idref="oc-ba"/>
      </symbol>
      <symbol id="sm-c1">
         <name>GPIOInit</name>
         <value>0x18e9</value>
         <object_component_ref idref="oc-f4"/>
      </symbol>
      <symbol id="sm-c2">
         <name>gpioState</name>
         <value>0x20000800</value>
         <object_component_ref idref="oc-88"/>
      </symbol>
      <symbol id="sm-c3">
         <name>GPIOJ_IRQHandler</name>
         <value>0x21a1</value>
         <object_component_ref idref="oc-3a"/>
      </symbol>
      <symbol id="sm-14c">
         <name>OLED_WR_Byte</name>
         <value>0x1c25</value>
         <object_component_ref idref="oc-198"/>
      </symbol>
      <symbol id="sm-14d">
         <name>Hzk</name>
         <value>0x208</value>
         <object_component_ref idref="oc-1ae"/>
      </symbol>
      <symbol id="sm-14e">
         <name>OLED_Init</name>
         <value>0x1ae9</value>
         <object_component_ref idref="oc-fa"/>
      </symbol>
      <symbol id="sm-14f">
         <name>F8X16</name>
         <value>0xb88</value>
         <object_component_ref idref="oc-1f1"/>
      </symbol>
      <symbol id="sm-150">
         <name>OLED_ShowString</name>
         <value>0x213f</value>
         <object_component_ref idref="oc-106"/>
      </symbol>
      <symbol id="sm-151">
         <name>OLED_ShowChar</name>
         <value>0x1d09</value>
         <object_component_ref idref="oc-1a6"/>
      </symbol>
      <symbol id="sm-152">
         <name>OLED_Clear</name>
         <value>0x206d</value>
         <object_component_ref idref="oc-100"/>
      </symbol>
      <symbol id="sm-153">
         <name>delay_ms</name>
         <value>0x2369</value>
         <object_component_ref idref="oc-192"/>
      </symbol>
      <symbol id="sm-154">
         <name>OLED_ShowCHinese</name>
         <value>0x1dd9</value>
         <object_component_ref idref="oc-10c"/>
      </symbol>
      <symbol id="sm-155">
         <name>OLED_DrawBMP</name>
         <value>0x1e95</value>
         <object_component_ref idref="oc-112"/>
      </symbol>
      <symbol id="sm-156">
         <name>OLED_Set_Pos</name>
         <value>0x22b9</value>
         <object_component_ref idref="oc-19e"/>
      </symbol>
      <symbol id="sm-16a">
         <name>SystemInit</name>
         <value>0x239d</value>
         <object_component_ref idref="oc-80"/>
      </symbol>
      <symbol id="sm-16b">
         <name>SystemCoreClock</name>
         <value>0x20000808</value>
         <object_component_ref idref="oc-cc"/>
      </symbol>
      <symbol id="sm-187">
         <name>Reset_Handler</name>
         <value>0x23cb</value>
         <object_component_ref idref="oc-28"/>
      </symbol>
      <symbol id="sm-188">
         <name>Default_Handler</name>
         <value>0x239b</value>
         <object_component_ref idref="oc-2e"/>
      </symbol>
      <symbol id="sm-189">
         <name>interruptVectors</name>
         <value>0x0</value>
         <object_component_ref idref="oc-13"/>
      </symbol>
      <symbol id="sm-218">
         <name>SysCtlPeripheralReady</name>
         <value>0x21ed</value>
         <object_component_ref idref="oc-18b"/>
      </symbol>
      <symbol id="sm-219">
         <name>SysCtlClockFreqSet</name>
         <value>0x1389</value>
         <object_component_ref idref="oc-ee"/>
      </symbol>
      <symbol id="sm-233">
         <name>__TI_decompress_none</name>
         <value>0x23bd</value>
         <object_component_ref idref="oc-1c"/>
      </symbol>
      <symbol id="sm-256">
         <name>__TI_decompress_lzss</name>
         <value>0x20d7</value>
         <object_component_ref idref="oc-16"/>
      </symbol>
      <symbol id="sm-269">
         <name>__stack</name>
         <value>0x20000810</value>
         <object_component_ref idref="oc-25"/>
      </symbol>
      <symbol id="sm-26a">
         <name>_c_int00_noargs</name>
         <value>0x2335</value>
         <object_component_ref idref="oc-6c"/>
      </symbol>
      <symbol id="sm-286">
         <name>memcpy</name>
         <value>0x1f41</value>
         <object_component_ref idref="oc-4e"/>
      </symbol>
      <symbol id="sm-287">
         <name>__aeabi_memcpy</name>
         <value>0x1f41</value>
         <object_component_ref idref="oc-4e"/>
      </symbol>
      <symbol id="sm-288">
         <name>__aeabi_memcpy8</name>
         <value>0x1f41</value>
         <object_component_ref idref="oc-4e"/>
      </symbol>
      <symbol id="sm-289">
         <name>__aeabi_memcpy4</name>
         <value>0x1f41</value>
         <object_component_ref idref="oc-4e"/>
      </symbol>
      <symbol id="sm-2b1">
         <name>__TI_auto_init_nobinit_nopinit</name>
         <value>0x2275</value>
         <object_component_ref idref="oc-12b"/>
      </symbol>
      <symbol id="sm-2bb">
         <name>_system_pre_init</name>
         <value>0x23d7</value>
         <object_component_ref idref="oc-b4"/>
      </symbol>
      <symbol id="sm-2c7">
         <name>C$$EXIT</name>
         <value>0x23db</value>
         <object_component_ref idref="oc-11f"/>
      </symbol>
      <symbol id="sm-2c8">
         <name>abort</name>
         <value>0x23db</value>
         <object_component_ref idref="oc-11f"/>
      </symbol>
      <symbol id="sm-2cb">
         <name>__TI_static_base__</name>
         <value>0x0</value>
      </symbol>
      <symbol id="sm-2ce">
         <name>__mpu_init</name>
         <value>0x0</value>
      </symbol>
      <symbol id="sm-2cf">
         <name>_system_post_cinit</name>
         <value>0x0</value>
      </symbol>
      <symbol id="sm-2d0">
         <name>NMI_Handler</name>
         <value>0x239b</value>
      </symbol>
      <symbol id="sm-2d1">
         <name>HardFault_Handler</name>
         <value>0x239b</value>
      </symbol>
      <symbol id="sm-2d2">
         <name>MemManage_Handler</name>
         <value>0x239b</value>
      </symbol>
      <symbol id="sm-2d3">
         <name>BusFault_Handler</name>
         <value>0x239b</value>
      </symbol>
      <symbol id="sm-2d4">
         <name>UsageFault_Handler</name>
         <value>0x239b</value>
      </symbol>
      <symbol id="sm-2d5">
         <name>SVC_Handler</name>
         <value>0x239b</value>
      </symbol>
      <symbol id="sm-2d6">
         <name>DebugMon_Handler</name>
         <value>0x239b</value>
      </symbol>
      <symbol id="sm-2d7">
         <name>PendSV_Handler</name>
         <value>0x239b</value>
      </symbol>
      <symbol id="sm-2d8">
         <name>SysTick_Handler</name>
         <value>0x22f9</value>
      </symbol>
      <symbol id="sm-2d9">
         <name>GPIOA_IRQHandler</name>
         <value>0x239b</value>
      </symbol>
      <symbol id="sm-2da">
         <name>GPIOB_IRQHandler</name>
         <value>0x239b</value>
      </symbol>
      <symbol id="sm-2db">
         <name>GPIOC_IRQHandler</name>
         <value>0x239b</value>
      </symbol>
      <symbol id="sm-2dc">
         <name>GPIOD_IRQHandler</name>
         <value>0x239b</value>
      </symbol>
      <symbol id="sm-2dd">
         <name>GPIOE_IRQHandler</name>
         <value>0x239b</value>
      </symbol>
      <symbol id="sm-2de">
         <name>UART0_IRQHandler</name>
         <value>0x239b</value>
      </symbol>
      <symbol id="sm-2df">
         <name>UART1_IRQHandler</name>
         <value>0x239b</value>
      </symbol>
      <symbol id="sm-2e0">
         <name>SSI0_IRQHandler</name>
         <value>0x239b</value>
      </symbol>
      <symbol id="sm-2e1">
         <name>I2C0_IRQHandler</name>
         <value>0x239b</value>
      </symbol>
      <symbol id="sm-2e2">
         <name>PWM0_FAULT_IRQHandler</name>
         <value>0x239b</value>
      </symbol>
      <symbol id="sm-2e3">
         <name>PWM0_0_IRQHandler</name>
         <value>0x239b</value>
      </symbol>
      <symbol id="sm-2e4">
         <name>PWM0_1_IRQHandler</name>
         <value>0x239b</value>
      </symbol>
      <symbol id="sm-2e5">
         <name>PWM0_2_IRQHandler</name>
         <value>0x239b</value>
      </symbol>
      <symbol id="sm-2e6">
         <name>QEI0_IRQHandler</name>
         <value>0x239b</value>
      </symbol>
      <symbol id="sm-2e7">
         <name>ADC0SS0_IRQHandler</name>
         <value>0x239b</value>
      </symbol>
      <symbol id="sm-2e8">
         <name>ADC0SS1_IRQHandler</name>
         <value>0x239b</value>
      </symbol>
      <symbol id="sm-2e9">
         <name>ADC0SS2_IRQHandler</name>
         <value>0x239b</value>
      </symbol>
      <symbol id="sm-2ea">
         <name>ADC0SS3_IRQHandler</name>
         <value>0x239b</value>
      </symbol>
      <symbol id="sm-2eb">
         <name>WATCHDOG_IRQHandler</name>
         <value>0x239b</value>
      </symbol>
      <symbol id="sm-2ec">
         <name>TIMER0A_IRQHandler</name>
         <value>0x239b</value>
      </symbol>
      <symbol id="sm-2ed">
         <name>TIMER0B_IRQHandler</name>
         <value>0x239b</value>
      </symbol>
      <symbol id="sm-2ee">
         <name>TIMER1A_IRQHandler</name>
         <value>0x239b</value>
      </symbol>
      <symbol id="sm-2ef">
         <name>TIMER1B_IRQHandler</name>
         <value>0x239b</value>
      </symbol>
      <symbol id="sm-2f0">
         <name>TIMER2A_IRQHandler</name>
         <value>0x239b</value>
      </symbol>
      <symbol id="sm-2f1">
         <name>TIMER2B_IRQHandler</name>
         <value>0x239b</value>
      </symbol>
      <symbol id="sm-2f2">
         <name>COMP0_IRQHandler</name>
         <value>0x239b</value>
      </symbol>
      <symbol id="sm-2f3">
         <name>COMP1_IRQHandler</name>
         <value>0x239b</value>
      </symbol>
      <symbol id="sm-2f4">
         <name>COMP2_IRQHandler</name>
         <value>0x239b</value>
      </symbol>
      <symbol id="sm-2f5">
         <name>SYSCTL_IRQHandler</name>
         <value>0x239b</value>
      </symbol>
      <symbol id="sm-2f6">
         <name>FLASH_IRQHandler</name>
         <value>0x239b</value>
      </symbol>
      <symbol id="sm-2f7">
         <name>GPIOF_IRQHandler</name>
         <value>0x239b</value>
      </symbol>
      <symbol id="sm-2f8">
         <name>GPIOG_IRQHandler</name>
         <value>0x239b</value>
      </symbol>
      <symbol id="sm-2f9">
         <name>GPIOH_IRQHandler</name>
         <value>0x239b</value>
      </symbol>
      <symbol id="sm-2fa">
         <name>UART2_IRQHandler</name>
         <value>0x239b</value>
      </symbol>
      <symbol id="sm-2fb">
         <name>SSI1_IRQHandler</name>
         <value>0x239b</value>
      </symbol>
      <symbol id="sm-2fc">
         <name>TIMER3A_IRQHandler</name>
         <value>0x239b</value>
      </symbol>
      <symbol id="sm-2fd">
         <name>TIMER3B_IRQHandler</name>
         <value>0x239b</value>
      </symbol>
      <symbol id="sm-2fe">
         <name>I2C1_IRQHandler</name>
         <value>0x239b</value>
      </symbol>
      <symbol id="sm-2ff">
         <name>CAN0_IRQHandler</name>
         <value>0x239b</value>
      </symbol>
      <symbol id="sm-300">
         <name>CAN1_IRQHandler</name>
         <value>0x239b</value>
      </symbol>
      <symbol id="sm-301">
         <name>EMAC0_IRQHandler</name>
         <value>0x239b</value>
      </symbol>
      <symbol id="sm-302">
         <name>HIBERNATE_IRQHandler</name>
         <value>0x239b</value>
      </symbol>
      <symbol id="sm-303">
         <name>USB0_IRQHandler</name>
         <value>0x239b</value>
      </symbol>
      <symbol id="sm-304">
         <name>PWM0_3_IRQHandler</name>
         <value>0x239b</value>
      </symbol>
      <symbol id="sm-305">
         <name>UDMA_IRQHandler</name>
         <value>0x239b</value>
      </symbol>
      <symbol id="sm-306">
         <name>UDMAERR_IRQHandler</name>
         <value>0x239b</value>
      </symbol>
      <symbol id="sm-307">
         <name>ADC1SS0_IRQHandler</name>
         <value>0x239b</value>
      </symbol>
      <symbol id="sm-308">
         <name>ADC1SS1_IRQHandler</name>
         <value>0x239b</value>
      </symbol>
      <symbol id="sm-309">
         <name>ADC1SS2_IRQHandler</name>
         <value>0x239b</value>
      </symbol>
      <symbol id="sm-30a">
         <name>ADC1SS3_IRQHandler</name>
         <value>0x239b</value>
      </symbol>
      <symbol id="sm-30b">
         <name>EPI0_IRQHandler</name>
         <value>0x239b</value>
      </symbol>
      <symbol id="sm-30c">
         <name>GPIOJ_IRQHandler</name>
         <value>0x21a1</value>
      </symbol>
      <symbol id="sm-30d">
         <name>GPIOK_IRQHandler</name>
         <value>0x239b</value>
      </symbol>
      <symbol id="sm-30e">
         <name>GPIOL_IRQHandler</name>
         <value>0x239b</value>
      </symbol>
      <symbol id="sm-30f">
         <name>SSI2_IRQHandler</name>
         <value>0x239b</value>
      </symbol>
      <symbol id="sm-310">
         <name>SSI3_IRQHandler</name>
         <value>0x239b</value>
      </symbol>
      <symbol id="sm-311">
         <name>UART3_IRQHandler</name>
         <value>0x239b</value>
      </symbol>
      <symbol id="sm-312">
         <name>UART4_IRQHandler</name>
         <value>0x239b</value>
      </symbol>
      <symbol id="sm-313">
         <name>UART5_IRQHandler</name>
         <value>0x239b</value>
      </symbol>
      <symbol id="sm-314">
         <name>UART6_IRQHandler</name>
         <value>0x239b</value>
      </symbol>
      <symbol id="sm-315">
         <name>UART7_IRQHandler</name>
         <value>0x239b</value>
      </symbol>
      <symbol id="sm-316">
         <name>I2C2_IRQHandler</name>
         <value>0x239b</value>
      </symbol>
      <symbol id="sm-317">
         <name>I2C3_IRQHandler</name>
         <value>0x239b</value>
      </symbol>
      <symbol id="sm-318">
         <name>TIMER4A_IRQHandler</name>
         <value>0x239b</value>
      </symbol>
      <symbol id="sm-319">
         <name>TIMER4B_IRQHandler</name>
         <value>0x239b</value>
      </symbol>
      <symbol id="sm-31a">
         <name>TIMER5A_IRQHandler</name>
         <value>0x239b</value>
      </symbol>
      <symbol id="sm-31b">
         <name>TIMER5B_IRQHandler</name>
         <value>0x239b</value>
      </symbol>
      <symbol id="sm-31c">
         <name>SYSEXC_IRQHandler</name>
         <value>0x239b</value>
      </symbol>
      <symbol id="sm-31d">
         <name>I2C4_IRQHandler</name>
         <value>0x239b</value>
      </symbol>
      <symbol id="sm-31e">
         <name>I2C5_IRQHandler</name>
         <value>0x239b</value>
      </symbol>
      <symbol id="sm-31f">
         <name>GPIOM_IRQHandler</name>
         <value>0x239b</value>
      </symbol>
      <symbol id="sm-320">
         <name>GPION_IRQHandler</name>
         <value>0x239b</value>
      </symbol>
      <symbol id="sm-321">
         <name>TAMPER0_IRQHandler</name>
         <value>0x239b</value>
      </symbol>
      <symbol id="sm-322">
         <name>GPIOP0_IRQHandler</name>
         <value>0x239b</value>
      </symbol>
      <symbol id="sm-323">
         <name>GPIOP1_IRQHandler</name>
         <value>0x239b</value>
      </symbol>
      <symbol id="sm-324">
         <name>GPIOP2_IRQHandler</name>
         <value>0x239b</value>
      </symbol>
      <symbol id="sm-325">
         <name>GPIOP3_IRQHandler</name>
         <value>0x239b</value>
      </symbol>
      <symbol id="sm-326">
         <name>GPIOP4_IRQHandler</name>
         <value>0x239b</value>
      </symbol>
      <symbol id="sm-327">
         <name>GPIOP5_IRQHandler</name>
         <value>0x239b</value>
      </symbol>
      <symbol id="sm-328">
         <name>GPIOP6_IRQHandler</name>
         <value>0x239b</value>
      </symbol>
      <symbol id="sm-329">
         <name>GPIOP7_IRQHandler</name>
         <value>0x239b</value>
      </symbol>
      <symbol id="sm-32a">
         <name>GPIOQ0_IRQHandler</name>
         <value>0x239b</value>
      </symbol>
      <symbol id="sm-32b">
         <name>GPIOQ1_IRQHandler</name>
         <value>0x239b</value>
      </symbol>
      <symbol id="sm-32c">
         <name>GPIOQ2_IRQHandler</name>
         <value>0x239b</value>
      </symbol>
      <symbol id="sm-32d">
         <name>GPIOQ3_IRQHandler</name>
         <value>0x239b</value>
      </symbol>
      <symbol id="sm-32e">
         <name>GPIOQ4_IRQHandler</name>
         <value>0x239b</value>
      </symbol>
      <symbol id="sm-32f">
         <name>GPIOQ5_IRQHandler</name>
         <value>0x239b</value>
      </symbol>
      <symbol id="sm-330">
         <name>GPIOQ6_IRQHandler</name>
         <value>0x239b</value>
      </symbol>
      <symbol id="sm-331">
         <name>GPIOQ7_IRQHandler</name>
         <value>0x239b</value>
      </symbol>
      <symbol id="sm-332">
         <name>SHA0_IRQHandler</name>
         <value>0x239b</value>
      </symbol>
      <symbol id="sm-333">
         <name>AES0_IRQHandler</name>
         <value>0x239b</value>
      </symbol>
      <symbol id="sm-334">
         <name>DES0_IRQHandler</name>
         <value>0x239b</value>
      </symbol>
      <symbol id="sm-335">
         <name>TIMER6A_IRQHandler</name>
         <value>0x239b</value>
      </symbol>
      <symbol id="sm-336">
         <name>TIMER6B_IRQHandler</name>
         <value>0x239b</value>
      </symbol>
      <symbol id="sm-337">
         <name>TIMER7A_IRQHandler</name>
         <value>0x239b</value>
      </symbol>
      <symbol id="sm-338">
         <name>TIMER7B_IRQHandler</name>
         <value>0x239b</value>
      </symbol>
      <symbol id="sm-339">
         <name>I2C6_IRQHandler</name>
         <value>0x239b</value>
      </symbol>
      <symbol id="sm-33a">
         <name>I2C7_IRQHandler</name>
         <value>0x239b</value>
      </symbol>
      <symbol id="sm-33b">
         <name>I2C8_IRQHandler</name>
         <value>0x239b</value>
      </symbol>
      <symbol id="sm-33c">
         <name>I2C9_IRQHandler</name>
         <value>0x239b</value>
      </symbol>
   </symbol_table>
   <title>Link successful</title>
</link_info>
