******************************************************************************
                  TI ARM Linker PC v20.2.1                     
******************************************************************************
>> Linked Sat Apr 24 21:48:24 2021

OUTPUT FILE NAME:   <OLED_MSP_EXP432E401Y.out>
ENTRY POINT SYMBOL: "_c_int00_noargs"  address: 00002335


MEMORY CONFIGURATION

         name            origin    length      used     unused   attr    fill
----------------------  --------  ---------  --------  --------  ----  --------
  FLASH                 00000000   00100000  000026de  000fd922  R  X
  SRAM                  20000000   00040000  00000a0c  0003f5f4  RW X


SEGMENT ALLOCATION MAP

run origin  load origin   length   init length attrs members
----------  ----------- ---------- ----------- ----- -------
00000000    00000000    000026e0   000026e0    r-x
  00000000    00000000    00000208   00000208    r-- .intvecs
  00000208    00000208    00001180   00001180    r-- .const
  00001388    00001388    00001056   00001056    r-x .text
  000023e0    000023e0    00000300   00000300    r-- .cinit
20000000    20000000    00000a10   00000000    rw-
  20000000    20000000    0000080c   00000000    rw- .data
  20000810    20000810    00000200   00000000    rw- .stack


SECTION ALLOCATION MAP

 output                                  attributes/
section   page    origin      length       input sections
--------  ----  ----------  ----------   ----------------
.intvecs   0    00000000    00000208     
                  00000000    00000208     startup_msp432e401y_ccs.obj (.intvecs:retain)

.const     0    00000208    00001180     
                  00000208    00000980     oled.obj (.const:Hzk)
                  00000b88    000005f0     oled.obj (.const:.string:F8X16)
                  00001178    000001b0     msp432e4_driverlib.a : sysctl.o (.const:g_pppui32XTALtoVCO)
                  00001328    00000030                          : sysctl.o (.const:g_sXTALtoMEMTIM)
                  00001358    00000028                          : sysctl.o (.const:g_pui32Xtals)
                  00001380    00000008                          : sysctl.o (.const:g_pui32VCOFrequencies)

.text      0    00001388    00001056     
                  00001388    000002e0     msp432e4_driverlib.a : sysctl.o (.text:SysCtlClockFreqSet)
                  00001668    00000280     main.obj (.text:main)
                  000018e8    00000200     main.obj (.text:GPIOInit)
                  00001ae8    0000013c     oled.obj (.text:OLED_Init)
                  00001c24    000000e4     oled.obj (.text:OLED_WR_Byte)
                  00001d08    000000d0     oled.obj (.text:OLED_ShowChar)
                  00001dd8    000000bc     oled.obj (.text:OLED_ShowCHinese)
                  00001e94    000000ac     oled.obj (.text:OLED_DrawBMP)
                  00001f40    0000009c     rtsv7M4_T_le_v4SPD16_eabi.lib : memcpy_t2.asm.obj (.text)
                  00001fdc    00000090     msp432e4_driverlib.a : sysctl.o (.text:_SysCtlFrequencyGet)
                  0000206c    0000006a     oled.obj (.text:OLED_Clear)
                  000020d6    00000068     rtsv7M4_T_le_v4SPD16_eabi.lib : copy_decompress_lzss.c.obj (.text:decompress:lzss:__TI_decompress_lzss)
                  0000213e    00000062     oled.obj (.text:OLED_ShowString)
                  000021a0    0000004c     main.obj (.text:GPIOJ_IRQHandler)
                  000021ec    00000044     msp432e4_driverlib.a : sysctl.o (.text:SysCtlPeripheralReady)
                  00002230    00000044                          : sysctl.o (.text:_SysCtlMemTimingGet)
                  00002274    00000044     rtsv7M4_T_le_v4SPD16_eabi.lib : autoinit.c.obj (.text:__TI_auto_init_nobinit_nopinit:__TI_auto_init_nobinit_nopinit)
                  000022b8    00000040     oled.obj (.text:OLED_Set_Pos)
                  000022f8    0000003c     main.obj (.text:SysTick_Handler)
                  00002334    00000034     rtsv7M4_T_le_v4SPD16_eabi.lib : boot_cortex_m.c.obj (.text:_c_int00_noargs:_c_int00_noargs)
                  00002368    00000032     oled.obj (.text:delay_ms)
                  0000239a    00000002     startup_msp432e401y_ccs.obj (.text:Default_Handler)
                  0000239c    00000020     system_msp432e401y.obj (.text:SystemInit)
                  000023bc    0000000e     rtsv7M4_T_le_v4SPD16_eabi.lib : copy_decompress_none.c.obj (.text:decompress:none:__TI_decompress_none)
                  000023ca    0000000c     startup_msp432e401y_ccs.obj (.text:Reset_Handler)
                  000023d6    00000004     rtsv7M4_T_le_v4SPD16_eabi.lib : pre_init.c.obj (.text:_system_pre_init)
                  000023da    00000004                                   : exit.c.obj (.text:abort:abort)

.cinit     0    000023e0    00000300     
                  000023e0    000002ee     (.cinit..data.load) [load image, compression = lzss]
                  000026ce    00000002     --HOLE-- [fill = 0]
                  000026d0    00000008     (__TI_handler_table)
                  000026d8    00000008     (__TI_cinit_table)

.init_array 
*          0    00000000    00000000     UNINITIALIZED

.data      0    20000000    0000080c     UNINITIALIZED
                  20000000    00000400     main.obj (.data:BMP1)
                  20000400    00000400     main.obj (.data:BMP4)
                  20000800    00000005     main.obj (.data)
                  20000805    00000003     --HOLE--
                  20000808    00000004     system_msp432e401y.obj (.data)

.stack     0    20000810    00000200     UNINITIALIZED
                  20000810    00000004     rtsv7M4_T_le_v4SPD16_eabi.lib : boot_cortex_m.c.obj (.stack)
                  20000814    000001fc     --HOLE--

__llvm_prf_cnts 
*          0    20000000    00000000     UNINITIALIZED

MODULE SUMMARY

       Module                        code   ro data   rw data
       ------                        ----   -------   -------
    .\
       oled.obj                      1430   3952      0      
       main.obj                      1288   0         2053   
       system_msp432e401y.obj        32     0         4      
    +--+-----------------------------+------+---------+---------+
       Total:                        2750   3952      2057   
                                                             
    .\ccs\
       startup_msp432e401y_ccs.obj   14     520       0      
    +--+-----------------------------+------+---------+---------+
       Total:                        14     520       0      
                                                             
    C:/ti/simplelink_msp432e4_sdk_4_20_00_12/source/ti/devices/msp432e4/driverlib/lib/ccs/m4f/msp432e4_driverlib.a
       sysctl.o                      1016   528       0      
    +--+-----------------------------+------+---------+---------+
       Total:                        1016   528       0      
                                                             
    D:\CCS\ccs\tools\compiler\ti-cgt-arm_20.2.1.LTS\lib\rtsv7M4_T_le_v4SPD16_eabi.lib
       memcpy_t2.asm.obj             156    0         0      
       copy_decompress_lzss.c.obj    104    0         0      
       autoinit.c.obj                68     0         0      
       boot_cortex_m.c.obj           52     0         0      
       copy_decompress_none.c.obj    14     0         0      
       exit.c.obj                    4      0         0      
       pre_init.c.obj                4      0         0      
    +--+-----------------------------+------+---------+---------+
       Total:                        402    0         0      
                                                             
       Stack:                        0      0         512    
       Linker Generated:             0      766       0      
    +--+-----------------------------+------+---------+---------+
       Grand Total:                  4182   5766      2569   


LINKER GENERATED COPY TABLES

__TI_cinit_table @ 000026d8 records: 1, size/record: 8, table size: 8
	.data: load addr=000023e0, load size=000002ee bytes, run addr=20000000, run size=0000080c bytes, compression=lzss


LINKER GENERATED HANDLER TABLE

__TI_handler_table @ 000026d0 records: 2, size/record: 4, table size: 8
	index: 0, handler: __TI_decompress_lzss
	index: 1, handler: __TI_decompress_none


GLOBAL SYMBOLS: SORTED ALPHABETICALLY BY Name 

address   name                          
-------   ----                          
0000239b  ADC0SS0_IRQHandler            
0000239b  ADC0SS1_IRQHandler            
0000239b  ADC0SS2_IRQHandler            
0000239b  ADC0SS3_IRQHandler            
0000239b  ADC1SS0_IRQHandler            
0000239b  ADC1SS1_IRQHandler            
0000239b  ADC1SS2_IRQHandler            
0000239b  ADC1SS3_IRQHandler            
0000239b  AES0_IRQHandler               
20000000  BMP1                          
20000400  BMP4                          
0000239b  BusFault_Handler              
000023db  C$$EXIT                       
0000239b  CAN0_IRQHandler               
0000239b  CAN1_IRQHandler               
0000239b  COMP0_IRQHandler              
0000239b  COMP1_IRQHandler              
0000239b  COMP2_IRQHandler              
0000239b  DES0_IRQHandler               
0000239b  DebugMon_Handler              
0000239b  Default_Handler               
0000239b  EMAC0_IRQHandler              
0000239b  EPI0_IRQHandler               
00000b88  F8X16                         
0000239b  FLASH_IRQHandler              
0000239b  GPIOA_IRQHandler              
0000239b  GPIOB_IRQHandler              
0000239b  GPIOC_IRQHandler              
0000239b  GPIOD_IRQHandler              
0000239b  GPIOE_IRQHandler              
0000239b  GPIOF_IRQHandler              
0000239b  GPIOG_IRQHandler              
0000239b  GPIOH_IRQHandler              
000018e9  GPIOInit                      
000021a1  GPIOJ_IRQHandler              
000021a1  GPIOJ_IRQHandler              
0000239b  GPIOK_IRQHandler              
0000239b  GPIOL_IRQHandler              
0000239b  GPIOM_IRQHandler              
0000239b  GPION_IRQHandler              
0000239b  GPIOP0_IRQHandler             
0000239b  GPIOP1_IRQHandler             
0000239b  GPIOP2_IRQHandler             
0000239b  GPIOP3_IRQHandler             
0000239b  GPIOP4_IRQHandler             
0000239b  GPIOP5_IRQHandler             
0000239b  GPIOP6_IRQHandler             
0000239b  GPIOP7_IRQHandler             
0000239b  GPIOQ0_IRQHandler             
0000239b  GPIOQ1_IRQHandler             
0000239b  GPIOQ2_IRQHandler             
0000239b  GPIOQ3_IRQHandler             
0000239b  GPIOQ4_IRQHandler             
0000239b  GPIOQ5_IRQHandler             
0000239b  GPIOQ6_IRQHandler             
0000239b  GPIOQ7_IRQHandler             
0000239b  HIBERNATE_IRQHandler          
0000239b  HardFault_Handler             
00000208  Hzk                           
0000239b  I2C0_IRQHandler               
0000239b  I2C1_IRQHandler               
0000239b  I2C2_IRQHandler               
0000239b  I2C3_IRQHandler               
0000239b  I2C4_IRQHandler               
0000239b  I2C5_IRQHandler               
0000239b  I2C6_IRQHandler               
0000239b  I2C7_IRQHandler               
0000239b  I2C8_IRQHandler               
0000239b  I2C9_IRQHandler               
0000239b  MemManage_Handler             
0000239b  NMI_Handler                   
0000206d  OLED_Clear                    
00001e95  OLED_DrawBMP                  
00001ae9  OLED_Init                     
000022b9  OLED_Set_Pos                  
00001dd9  OLED_ShowCHinese              
00001d09  OLED_ShowChar                 
0000213f  OLED_ShowString               
00001c25  OLED_WR_Byte                  
0000239b  PWM0_0_IRQHandler             
0000239b  PWM0_1_IRQHandler             
0000239b  PWM0_2_IRQHandler             
0000239b  PWM0_3_IRQHandler             
0000239b  PWM0_FAULT_IRQHandler         
0000239b  PendSV_Handler                
0000239b  QEI0_IRQHandler               
000023cb  Reset_Handler                 
0000239b  SHA0_IRQHandler               
0000239b  SSI0_IRQHandler               
0000239b  SSI1_IRQHandler               
0000239b  SSI2_IRQHandler               
0000239b  SSI3_IRQHandler               
0000239b  SVC_Handler                   
0000239b  SYSCTL_IRQHandler             
0000239b  SYSEXC_IRQHandler             
00001389  SysCtlClockFreqSet            
000021ed  SysCtlPeripheralReady         
000022f9  SysTick_Handler               
000022f9  SysTick_Handler               
20000808  SystemCoreClock               
0000239d  SystemInit                    
0000239b  TAMPER0_IRQHandler            
0000239b  TIMER0A_IRQHandler            
0000239b  TIMER0B_IRQHandler            
0000239b  TIMER1A_IRQHandler            
0000239b  TIMER1B_IRQHandler            
0000239b  TIMER2A_IRQHandler            
0000239b  TIMER2B_IRQHandler            
0000239b  TIMER3A_IRQHandler            
0000239b  TIMER3B_IRQHandler            
0000239b  TIMER4A_IRQHandler            
0000239b  TIMER4B_IRQHandler            
0000239b  TIMER5A_IRQHandler            
0000239b  TIMER5B_IRQHandler            
0000239b  TIMER6A_IRQHandler            
0000239b  TIMER6B_IRQHandler            
0000239b  TIMER7A_IRQHandler            
0000239b  TIMER7B_IRQHandler            
20000804  Trg                           
0000239b  UART0_IRQHandler              
0000239b  UART1_IRQHandler              
0000239b  UART2_IRQHandler              
0000239b  UART3_IRQHandler              
0000239b  UART4_IRQHandler              
0000239b  UART5_IRQHandler              
0000239b  UART6_IRQHandler              
0000239b  UART7_IRQHandler              
0000239b  UDMAERR_IRQHandler            
0000239b  UDMA_IRQHandler               
0000239b  USB0_IRQHandler               
0000239b  UsageFault_Handler            
0000239b  WATCHDOG_IRQHandler           
20000a10  __STACK_END                   
00000200  __STACK_SIZE                  
20000a10  __STACK_TOP                   
000026d8  __TI_CINIT_Base               
000026e0  __TI_CINIT_Limit              
000026d0  __TI_Handler_Table_Base       
000026d8  __TI_Handler_Table_Limit      
00002275  __TI_auto_init_nobinit_nopinit
000020d7  __TI_decompress_lzss          
000023bd  __TI_decompress_none          
ffffffff  __TI_pprof_out_hndl           
ffffffff  __TI_prof_data_size           
ffffffff  __TI_prof_data_start          
00000000  __TI_static_base__            
00001f41  __aeabi_memcpy                
00001f41  __aeabi_memcpy4               
00001f41  __aeabi_memcpy8               
ffffffff  __binit__                     
ffffffff  __c_args__                    
UNDEFED   __mpu_init                    
20000810  __stack                       
20000000  __start___llvm_prf_cnts       
20000000  __stop___llvm_prf_cnts        
00002335  _c_int00_noargs               
UNDEFED   _system_post_cinit            
000023d7  _system_pre_init              
000023db  abort                         
ffffffff  binit                         
00002369  delay_ms                      
20000800  gpioState                     
00000000  interruptVectors              
00001669  main                          
00001f41  memcpy                        


GLOBAL SYMBOLS: SORTED BY Symbol Address 

address   name                          
-------   ----                          
00000000  __TI_static_base__            
00000000  interruptVectors              
00000200  __STACK_SIZE                  
00000208  Hzk                           
00000b88  F8X16                         
00001389  SysCtlClockFreqSet            
00001669  main                          
000018e9  GPIOInit                      
00001ae9  OLED_Init                     
00001c25  OLED_WR_Byte                  
00001d09  OLED_ShowChar                 
00001dd9  OLED_ShowCHinese              
00001e95  OLED_DrawBMP                  
00001f41  __aeabi_memcpy                
00001f41  __aeabi_memcpy4               
00001f41  __aeabi_memcpy8               
00001f41  memcpy                        
0000206d  OLED_Clear                    
000020d7  __TI_decompress_lzss          
0000213f  OLED_ShowString               
000021a1  GPIOJ_IRQHandler              
000021a1  GPIOJ_IRQHandler              
000021ed  SysCtlPeripheralReady         
00002275  __TI_auto_init_nobinit_nopinit
000022b9  OLED_Set_Pos                  
000022f9  SysTick_Handler               
000022f9  SysTick_Handler               
00002335  _c_int00_noargs               
00002369  delay_ms                      
0000239b  ADC0SS0_IRQHandler            
0000239b  ADC0SS1_IRQHandler            
0000239b  ADC0SS2_IRQHandler            
0000239b  ADC0SS3_IRQHandler            
0000239b  ADC1SS0_IRQHandler            
0000239b  ADC1SS1_IRQHandler            
0000239b  ADC1SS2_IRQHandler            
0000239b  ADC1SS3_IRQHandler            
0000239b  AES0_IRQHandler               
0000239b  BusFault_Handler              
0000239b  CAN0_IRQHandler               
0000239b  CAN1_IRQHandler               
0000239b  COMP0_IRQHandler              
0000239b  COMP1_IRQHandler              
0000239b  COMP2_IRQHandler              
0000239b  DES0_IRQHandler               
0000239b  DebugMon_Handler              
0000239b  Default_Handler               
0000239b  EMAC0_IRQHandler              
0000239b  EPI0_IRQHandler               
0000239b  FLASH_IRQHandler              
0000239b  GPIOA_IRQHandler              
0000239b  GPIOB_IRQHandler              
0000239b  GPIOC_IRQHandler              
0000239b  GPIOD_IRQHandler              
0000239b  GPIOE_IRQHandler              
0000239b  GPIOF_IRQHandler              
0000239b  GPIOG_IRQHandler              
0000239b  GPIOH_IRQHandler              
0000239b  GPIOK_IRQHandler              
0000239b  GPIOL_IRQHandler              
0000239b  GPIOM_IRQHandler              
0000239b  GPION_IRQHandler              
0000239b  GPIOP0_IRQHandler             
0000239b  GPIOP1_IRQHandler             
0000239b  GPIOP2_IRQHandler             
0000239b  GPIOP3_IRQHandler             
0000239b  GPIOP4_IRQHandler             
0000239b  GPIOP5_IRQHandler             
0000239b  GPIOP6_IRQHandler             
0000239b  GPIOP7_IRQHandler             
0000239b  GPIOQ0_IRQHandler             
0000239b  GPIOQ1_IRQHandler             
0000239b  GPIOQ2_IRQHandler             
0000239b  GPIOQ3_IRQHandler             
0000239b  GPIOQ4_IRQHandler             
0000239b  GPIOQ5_IRQHandler             
0000239b  GPIOQ6_IRQHandler             
0000239b  GPIOQ7_IRQHandler             
0000239b  HIBERNATE_IRQHandler          
0000239b  HardFault_Handler             
0000239b  I2C0_IRQHandler               
0000239b  I2C1_IRQHandler               
0000239b  I2C2_IRQHandler               
0000239b  I2C3_IRQHandler               
0000239b  I2C4_IRQHandler               
0000239b  I2C5_IRQHandler               
0000239b  I2C6_IRQHandler               
0000239b  I2C7_IRQHandler               
0000239b  I2C8_IRQHandler               
0000239b  I2C9_IRQHandler               
0000239b  MemManage_Handler             
0000239b  NMI_Handler                   
0000239b  PWM0_0_IRQHandler             
0000239b  PWM0_1_IRQHandler             
0000239b  PWM0_2_IRQHandler             
0000239b  PWM0_3_IRQHandler             
0000239b  PWM0_FAULT_IRQHandler         
0000239b  PendSV_Handler                
0000239b  QEI0_IRQHandler               
0000239b  SHA0_IRQHandler               
0000239b  SSI0_IRQHandler               
0000239b  SSI1_IRQHandler               
0000239b  SSI2_IRQHandler               
0000239b  SSI3_IRQHandler               
0000239b  SVC_Handler                   
0000239b  SYSCTL_IRQHandler             
0000239b  SYSEXC_IRQHandler             
0000239b  TAMPER0_IRQHandler            
0000239b  TIMER0A_IRQHandler            
0000239b  TIMER0B_IRQHandler            
0000239b  TIMER1A_IRQHandler            
0000239b  TIMER1B_IRQHandler            
0000239b  TIMER2A_IRQHandler            
0000239b  TIMER2B_IRQHandler            
0000239b  TIMER3A_IRQHandler            
0000239b  TIMER3B_IRQHandler            
0000239b  TIMER4A_IRQHandler            
0000239b  TIMER4B_IRQHandler            
0000239b  TIMER5A_IRQHandler            
0000239b  TIMER5B_IRQHandler            
0000239b  TIMER6A_IRQHandler            
0000239b  TIMER6B_IRQHandler            
0000239b  TIMER7A_IRQHandler            
0000239b  TIMER7B_IRQHandler            
0000239b  UART0_IRQHandler              
0000239b  UART1_IRQHandler              
0000239b  UART2_IRQHandler              
0000239b  UART3_IRQHandler              
0000239b  UART4_IRQHandler              
0000239b  UART5_IRQHandler              
0000239b  UART6_IRQHandler              
0000239b  UART7_IRQHandler              
0000239b  UDMAERR_IRQHandler            
0000239b  UDMA_IRQHandler               
0000239b  USB0_IRQHandler               
0000239b  UsageFault_Handler            
0000239b  WATCHDOG_IRQHandler           
0000239d  SystemInit                    
000023bd  __TI_decompress_none          
000023cb  Reset_Handler                 
000023d7  _system_pre_init              
000023db  C$$EXIT                       
000023db  abort                         
000026d0  __TI_Handler_Table_Base       
000026d8  __TI_CINIT_Base               
000026d8  __TI_Handler_Table_Limit      
000026e0  __TI_CINIT_Limit              
20000000  BMP1                          
20000000  __start___llvm_prf_cnts       
20000000  __stop___llvm_prf_cnts        
20000400  BMP4                          
20000800  gpioState                     
20000804  Trg                           
20000808  SystemCoreClock               
20000810  __stack                       
20000a10  __STACK_END                   
20000a10  __STACK_TOP                   
ffffffff  __TI_pprof_out_hndl           
ffffffff  __TI_prof_data_size           
ffffffff  __TI_prof_data_start          
ffffffff  __binit__                     
ffffffff  __c_args__                    
ffffffff  binit                         
UNDEFED   __mpu_init                    
UNDEFED   _system_post_cinit            

[165 symbols]
